Microchip Technology Inc, v2.10 (B)

Tool Name:
  c:\program files\microchip\xc16\v2.10\bin\bin\..\bin/elf-ld.exe

Command:
  -p33CK256MP502 \
  --mdfp=C:/Users/ppadi/.mchp_packs/Microchip/dsPIC33CK-MP_DFP/1.12.354/xc16 \
  -o \
  dist/PICkit3/production/firmware.production.elf \
  -Lc:/program files/microchip/xc16/v2.10/bin/bin/.. \
  -LC:/Users/ppadi/.mchp_packs/Microchip/dsPIC33CK-MP_DFP/1.12.354/xc16/bin/../support/dsPIC33C/gld \
  -Lc:/program files/microchip/xc16/v2.10/bin/bin/../../lib \
  -Lc:/program files/microchip/xc16/v2.10/bin/bin/../../support/PIC24E/gld \
  -Lc:/program files/microchip/xc16/v2.10/bin/bin/../../support/PIC24F/gld \
  -Lc:/program files/microchip/xc16/v2.10/bin/bin/../../support/PIC24H/gld \
  -Lc:/program files/microchip/xc16/v2.10/bin/bin/../../support/dsPIC30F/gld \
  -Lc:/program files/microchip/xc16/v2.10/bin/bin/../../support/dsPIC33C/gld \
  -Lc:/program files/microchip/xc16/v2.10/bin/bin/../../support/dsPIC33E/gld \
  -Lc:/program files/microchip/xc16/v2.10/bin/bin/../../support/dsPIC33F/gld \
  build/PICkit3/production/mcc_generated_files/reset.o \
  build/PICkit3/production/mcc_generated_files/system.o \
  build/PICkit3/production/mcc_generated_files/traps.o \
  build/PICkit3/production/mcc_generated_files/clock.o \
  build/PICkit3/production/mcc_generated_files/interrupt_manager.o \
  build/PICkit3/production/mcc_generated_files/mcc.o \
  build/PICkit3/production/mcc_generated_files/pin_manager.o \
  build/PICkit3/production/mcc_generated_files/spi2.o \
  build/PICkit3/production/mcc_generated_files/spi1.o \
  build/PICkit3/production/mcc_generated_files/tmr1.o \
  build/PICkit3/production/mcc_generated_files/spi3.o \
  build/PICkit3/production/mcc_generated_files/i2c2.o \
  build/PICkit3/production/mcc_generated_files/uart1.o \
  build/PICkit3/production/main.o \
  build/PICkit3/production/spi.o \
  build/PICkit3/production/ads1115.o \
  build/PICkit3/production/eeprom.o \
  build/PICkit3/production/storage.o \
  build/PICkit3/production/pca9544a.o \
  build/PICkit3/production/sensirion_lg16.o \
  --local-stack \
  --defsym=__MPLAB_BUILD=1 \
  -Tp33CK256MP502.gld.00 \
  --stack=16 \
  --check-sections \
  --data-init \
  --pack-data \
  --handles \
  --isr \
  --no-gc-sections \
  --fill-upper=0 \
  --stackguard=16 \
  --no-force-link \
  --smart-io \
  -Map=dist/PICkit3/production/firmware.production.map \
  --report-mem \
  --memorysummary \
  dist/PICkit3/production/memoryfile.xml \
  -start-group \
  --library=c99-pic30-elf \
  --library=m-elf \
  --library=c99-elf \
  -end-group \


Optional library libp33CK256MP502.a not found
Archive member included because of file (symbol)

c:/program files/microchip/xc16/v2.10/bin/bin/../../lib\libc99-pic30-elf.a(crt0_extendedch.o)
                              (__resetPRI)
c:/program files/microchip/xc16/v2.10/bin/bin/../../lib\libc99-pic30-elf.a(data_init_extendedch.o)
                              c:/program files/microchip/xc16/v2.10/bin/bin/../../lib\libc99-pic30-elf.a(crt0_extendedch.o) (__data_init_extended)
c:/program files/microchip/xc16/v2.10/bin/bin/../../lib\libc99-pic30-elf.a(crt_start_mode_normalch.Meo)
                              (__crt_start_mode_normal)
c:/program files/microchip/xc16/v2.10/bin/bin/../../lib\libc99-pic30-elf.a(delay32ch.Meo)
                              build/PICkit3/production/main.o (___delay32)
c:/program files/microchip/xc16/v2.10/bin/bin/../../lib\libc99-pic30-elf.a(divsi3.CH_o)
                              build/PICkit3/production/main.o (___divsi3)
c:/program files/microchip/xc16/v2.10/bin/bin/../../lib\libc99-pic30-elf.a(floatsisf.CH_o)
                              build/PICkit3/production/main.o (___floatsisf)
c:/program files/microchip/xc16/v2.10/bin/bin/../../lib\libc99-pic30-elf.a(floatunsisf.CH_o)
                              build/PICkit3/production/main.o (___floatunsisf)
c:/program files/microchip/xc16/v2.10/bin/bin/../../lib\libc99-pic30-elf.a(udivsi3.CH_o)
                              c:/program files/microchip/xc16/v2.10/bin/bin/../../lib\libc99-pic30-elf.a(divsi3.CH_o) (___udivsi3)
c:/program files/microchip/xc16/v2.10/bin/bin/../../lib\libc99-pic30-elf.a(divsf3x.CH_o)
                              build/PICkit3/production/main.o (___divsf3)
c:/program files/microchip/xc16/v2.10/bin/bin/../../lib\libc99-pic30-elf.a(mulsf3x.CH_o)
                              build/PICkit3/production/main.o (___mulsf3)
c:/program files/microchip/xc16/v2.10/bin/bin/../../lib\libc99-pic30-elf.a(dnrmpackfx.CH_o)
                              c:/program files/microchip/xc16/v2.10/bin/bin/../../lib\libc99-pic30-elf.a(mulsf3x.CH_o) (__dnrmpackf)
c:/program files/microchip/xc16/v2.10/bin/bin/../../lib\libc99-pic30-elf.a(unpackdnrmfx.CH_o)
                              c:/program files/microchip/xc16/v2.10/bin/bin/../../lib\libc99-pic30-elf.a(mulsf3x.CH_o) (__unpackdnrmf)
c:/program files/microchip/xc16/v2.10/bin/bin/../../lib\libc99-pic30-elf.a(typefx.CH_o)
[...]
Memory Configuration

Name             Origin             Length             Attributes
data             0x001000           0x006000           a !xr
FBOOT            0x801800           0x000002  
reset            0x000000           0x000004  
ivt              0x000004           0x0001fc  
program          0x000200           0x02bd00           xr
FSEC             0x02bf00           0x000002  
FBSLIM           0x02bf10           0x000002  
FSIGN            0x02bf14           0x000002  
FOSCSEL          0x02bf18           0x000002  
FOSC             0x02bf1c           0x000002  
FWDT             0x02bf20           0x000002  
FPOR             0x02bf24           0x000002  
FICD             0x02bf28           0x000002  
FDMTIVTL         0x02bf2c           0x000002  
FDMTIVTH         0x02bf30           0x000002  
FDMTCNTL         0x02bf34           0x000002  
FDMTCNTH         0x02bf38           0x000002  
FDMT             0x02bf3c           0x000002  
FDEVOPT          0x02bf40           0x000002  
FALTREG          0x02bf44           0x000002  
FBTSEQ           0x02bffc           0x000002  
*default*        0x000000           0xffffffff  

Linker script and memory map

LOAD build/PICkit3/production/mcc_generated_files/reset.o
LOAD build/PICkit3/production/mcc_generated_files/system.o
LOAD build/PICkit3/production/mcc_generated_files/traps.o
LOAD build/PICkit3/production/mcc_generated_files/clock.o
LOAD build/PICkit3/production/mcc_generated_files/interrupt_manager.o
LOAD build/PICkit3/production/mcc_generated_files/mcc.o
LOAD build/PICkit3/production/mcc_generated_files/pin_manager.o
LOAD build/PICkit3/production/mcc_generated_files/spi2.o
LOAD build/PICkit3/production/mcc_generated_files/spi1.o
LOAD build/PICkit3/production/mcc_generated_files/tmr1.o
LOAD build/PICkit3/production/mcc_generated_files/spi3.o
LOAD build/PICkit3/production/mcc_generated_files/i2c2.o
LOAD build/PICkit3/production/mcc_generated_files/uart1.o
LOAD build/PICkit3/production/main.o
LOAD build/PICkit3/production/spi.o
LOAD build/PICkit3/production/ads1115.o
LOAD build/PICkit3/production/eeprom.o
LOAD build/PICkit3/production/storage.o
LOAD build/PICkit3/production/pca9544a.o
LOAD build/PICkit3/production/sensirion_lg16.o
                    0x0001                  __MPLAB_BUILD = 0x1
LOAD p33CK256MP502
LOAD c:/program files/microchip/xc16/v2.10/bin/bin/../../lib\libfx-elf.a
                    0x801034                  _iwri1 = 0x801034
                    0x801038                  _iwri2 = 0x801038
                    0x801800                  __FBOOT = 0x801800
                    0x2bf00                  __FSEC = 0x2bf00
                    0x2bf10                  __FBSLIM = 0x2bf10
                    0x2bf14                  __FSIGN = 0x2bf14
                    0x2bf18                  __FOSCSEL = 0x2bf18
                    0x2bf1c                  __FOSC = 0x2bf1c
                    0x2bf20                  __FWDT = 0x2bf20
                    0x2bf24                  __FPOR = 0x2bf24
                    0x2bf28                  __FICD = 0x2bf28
                    0x2bf2c                  __FDMTIVTL = 0x2bf2c
                    0x2bf30                  __FDMTIVTH = 0x2bf30
                    0x2bf34                  __FDMTCNTL = 0x2bf34
                    0x2bf38                  __FDMTCNTH = 0x2bf38
                    0x2bf3c                  __FDMT = 0x2bf3c
                    0x2bf40                  __FDEVOPT = 0x2bf40
                    0x2bf44                  __FALTREG = 0x2bf44
                    0x2bffc                  __FBTSEQ = 0x2bffc
                    0x0200                  __CODE_BASE = 0x200
                    0x2bd00                  __CODE_LENGTH = 0x2bd00
                    0x0004                  __IVT_BASE = 0x4
                    0x1000                  __DATA_BASE = 0x1000
                    0x6000                  __DATA_LENGTH = 0x6000
                    0x5000                  __YDATA_BASE = 0x5000
                    0x7000                  __YDATA_END = 0x7000

.reset            0x000000          0x4
                  0x000000          0x2 SHORT 0x200 ABSOLUTE (__reset)
                  0x000001          0x2 SHORT 0x4
                  0x000002          0x2 SHORT 0x0 ((ABSOLUTE (__reset) >> 0x10) & 0x7f)
                  0x000003          0x2 SHORT 0x0

.text             0x000200       0x268c
 *(.init)
 .init            0x000200         0x48 c:/program files/microchip/xc16/v2.10/bin/bin/../../lib\libc99-pic30-elf.a(crt0_extendedch.o)
                  0x000200                  __resetPRI
                  0x000200                  __reset
                  0x00023c                  __psv_init
 .init            0x000248         0xb2 c:/program files/microchip/xc16/v2.10/bin/bin/../../lib\libc99-pic30-elf.a(data_init_extendedch.o)
                  0x000248                  __data_init
                  0x000248                  __data_init_extended
 *(.user_init)
 *(.handle)
 .handle          0x0002fa         0x1c jump_table
 *(.isr*)
 .isrerror_handler
                  0x000316         0x32 build/PICkit3/production/mcc_generated_files/traps.o
                  0x000316                  __OscillatorFail
                  0x00031e                  __StackError
                  0x000328                  __AddressError
                  0x000330                  __MathError
                  0x000338                  __HardTrapError
                  0x000340                  __SoftTrapError
 .isr.text        0x000348         0x36 build/PICkit3/production/mcc_generated_files/tmr1.o
                  0x000348                  __T1Interrupt
 .isr.text        0x00037e        0x250 build/PICkit3/production/mcc_generated_files/i2c2.o
                  0x00037e                  __MI2C2Interrupt
 .isr.text        0x0005ce         0x5a build/PICkit3/production/mcc_generated_files/uart1.o
                  0x0005ce                  __U1TXInterrupt
                  0x0005ec                  __U1RXInterrupt
                  0x00060a                  __U1EInterrupt
                  0x000620                  __U1EVTInterrupt
 .isr.text        0x000628         0x52 build/PICkit3/production/spi.o
 .isr             0x00067a          0x4 default_isr
                  0x00067a                  __DefaultInterrupt
 *(.libc)
 .libc            0x00067e         0x12 c:/program files/microchip/xc16/v2.10/bin/bin/../../lib\libc99-pic30-elf.a(closech.Meo)
                  0x00067e                  _close
 *(.libm)
 *(.libdsp)
 *(.lib*)
 .libc.write      0x000690         0x38 build/PICkit3/production/mcc_generated_files/uart1.o
                  0x000690                  _write
 .libpic30_crt_start_mode
                  0x0006c8          0x2 c:/program files/microchip/xc16/v2.10/bin/bin/../../lib\libc99-pic30-elf.a(crt_start_mode_normalch.Meo)
                  0x0006c8                  __crt_start_mode
                  0x0006c8                  __crt_start_mode_normal
 .libm.divsi3     0x0006ca         0x1e c:/program files/microchip/xc16/v2.10/bin/bin/../../lib\libc99-pic30-elf.a(divsi3.CH_o)
                  0x0006ca                  ___divsi3
 .libm.floatsisf
                  0x0006e8          0x6 c:/program files/microchip/xc16/v2.10/bin/bin/../../lib\libc99-pic30-elf.a(floatsisf.CH_o)
                  0x0006e8                  ___floatsisf
 .libm.floatunsisf
                  0x0006ee          0x4 c:/program files/microchip/xc16/v2.10/bin/bin/../../lib\libc99-pic30-elf.a(floatunsisf.CH_o)
                  0x0006ee                  ___floatunsisf
 .libm.udivsi3    0x0006f2         0x20 c:/program files/microchip/xc16/v2.10/bin/bin/../../lib\libc99-pic30-elf.a(udivsi3.CH_o)
                  0x0006f2                  ___udivsi3
 .libmx           0x000712        0x1be c:/program files/microchip/xc16/v2.10/bin/bin/../../lib\libc99-pic30-elf.a(divsf3x.CH_o)
                  0x000712                  ___divsf3x
                  0x000712                  ___divsf3
                  0x0008a4                  __sdivf
 .libmx           0x0008d0        0x10c c:/program files/microchip/xc16/v2.10/bin/bin/../../lib\libc99-pic30-elf.a(mulsf3x.CH_o)
                  0x0008d0                  ___mulsf3x
                  0x0008d0                  ___mulsf3
 .libmx           0x0009dc         0x54 c:/program files/microchip/xc16/v2.10/bin/bin/../../lib\libc99-pic30-elf.a(dnrmpackfx.CH_o)
                  0x0009dc                  __dnrmpackf
 .libmx           0x000a30         0x5e c:/program files/microchip/xc16/v2.10/bin/bin/../../lib\libc99-pic30-elf.a(unpackdnrmfx.CH_o)
                  0x000a30                  __unpackdnrmf
 .libmx           0x000a8e         0x34 c:/program files/microchip/xc16/v2.10/bin/bin/../../lib\libc99-pic30-elf.a(typefx.CH_o)
                  0x000a8e                  __typef
 .libmx           0x000ac2         0x12 c:/program files/microchip/xc16/v2.10/bin/bin/../../lib\libc99-pic30-elf.a(propnanfx.CH_o)
                  0x000ac2                  __propnanf
 .libmx           0x000ad4         0xa6 c:/program files/microchip/xc16/v2.10/bin/bin/../../lib\libc99-pic30-elf.a(spackfx.CH_o)
                  0x000ad4                  __spackf
 .libmx           0x000b7a         0x66 c:/program files/microchip/xc16/v2.10/bin/bin/../../lib\libc99-pic30-elf.a(unpackfx.CH_o)
                  0x000b7a                  __unpackf
 .libm.floatdisf
                  0x000be0         0x20 c:/program files/microchip/xc16/v2.10/bin/bin/../../lib\libc99-pic30-elf.a(floatdisf.CH_o)
                  0x000be0                  ___floatdisf
 .libm.floatundisf
                  0x000c00         0x5e c:/program files/microchip/xc16/v2.10/bin/bin/../../lib\libc99-pic30-elf.a(floatundisf.CH_o)
                  0x000c00                  ___floatundisf
 .libm.fpack      0x000c5e         0x4c c:/program files/microchip/xc16/v2.10/bin/bin/../../lib\libc99-pic30-elf.a(fpack.CH_o)
                  0x000c5e                  __fpack
 .libc.__wrap_printf
                  0x000caa         0x10 c:/program files/microchip/xc16/v2.10/bin/bin/../../lib\libc99-elf.a(__sio_printf_dfosux.CH_o)
                  0x000caa                  __dprintf_cdfFnopsuxX
                  0x000caa                  __dprintf_cdeEfFgGnopsuxX
                  0x000caa                  __dprintf_cdgGnopsuxX
                  0x000caa                  __dprintf_cdeEfFnopsuxX
                  0x000caa                  __dprintf_cdfFgGnopsuxX
                  0x000caa                  __printf_cdeEgGnopsuxX
                  0x000caa                  __printf_cdeEnopsuxX
                  0x000caa                  __printf_cdeEfFnopsuxX
                  0x000caa                  __printf_cdfFgGnopsuxX
                  0x000caa                  __dprintf_cdeEnopsuxX
                  0x000caa                  __printf_cdeEfFgGnopsuxX
                  0x000caa                  __printf_cdgGnopsuxX
                  0x000caa                  __dprintf_cdeEgGnopsuxX
                  0x000caa                  __printf_cdfFnopsuxX
 .libc.__sio_printf_dfosux
                  0x000cba         0x12 c:/program files/microchip/xc16/v2.10/bin/bin/../../lib\libc99-elf.a(__sio_printf_dfosux.CH_o)
                  0x000cba                  ___sio_printf_dfosux
 .libc.__wrap_printf
                  0x000ccc         0x10 c:/program files/microchip/xc16/v2.10/bin/bin/../../lib\libc99-elf.a(__sio_printf_dosux.CH_o)
                  0x000ccc                  __dprintf_cdnopsuxX
                  0x000ccc                  __printf_cdnopsuxX
 .libc.__sio_printf_dosux
                  0x000cdc          0xe c:/program files/microchip/xc16/v2.10/bin/bin/../../lib\libc99-elf.a(__sio_printf_dosux.CH_o)
                  0x000cdc                  ___sio_printf_dosux
 .libc.__wrap_printf
                  0x000cea         0x10 c:/program files/microchip/xc16/v2.10/bin/bin/../../lib\libc99-elf.a(__sio_printf_doux.CH_o)
                  0x000cea                  __printf_cdnopuxX
                  0x000cea                  __dprintf_cdnopuxX
 .libc.__sio_printf_doux
                  0x000cfa          0xe c:/program files/microchip/xc16/v2.10/bin/bin/../../lib\libc99-elf.a(__sio_printf_doux.CH_o)
                  0x000cfa                  ___sio_printf_doux
 .libc.__wrap_printf
                  0x000d08         0x10 c:/program files/microchip/xc16/v2.10/bin/bin/../../lib\libc99-elf.a(__sio_printf_s.CH_o)
                  0x000d08                  __printf_s
                  0x000d08                  __dprintf_s
 .libc.__sio_printf_s
                  0x000d18          0x2 c:/program files/microchip/xc16/v2.10/bin/bin/../../lib\libc99-elf.a(__sio_printf_s.CH_o)
                  0x000d18                  ___sio_printf_s
 .libc.memcpy     0x000d1a          0xe c:/program files/microchip/xc16/v2.10/bin/bin/../../lib\libc99-elf.a(memcpy.CH_o)
                  0x000d1a                  _memcpy
 .libc.memset     0x000d28         0xc8 c:/program files/microchip/xc16/v2.10/bin/bin/../../lib\libc99-elf.a(memset.CH_o)
                  0x000d28                  _memset
 .libc.putchar    0x000df0          0x6 c:/program files/microchip/xc16/v2.10/bin/bin/../../lib\libc99-elf.a(putchar.CH_o)
                  0x000df0                  _putchar
 .libc.puts       0x000df6         0x1a c:/program files/microchip/xc16/v2.10/bin/bin/../../lib\libc99-elf.a(puts.CH_o)
                  0x000df6                  _puts
 .libc.__dummy0
                  0x000e10          0x2 c:/program files/microchip/xc16/v2.10/bin/bin/../../lib\libc99-elf.a(stdout.CH_o)
                  0x000e10                  ___stdio_seek
 .libc.__dummy    0x000e12          0x4 c:/program files/microchip/xc16/v2.10/bin/bin/../../lib\libc99-elf.a(stdout.CH_o)
                  0x000e12                  ___get_stdout
 .libc.__init_stdout
                  0x000e16          0x8 c:/program files/microchip/xc16/v2.10/bin/bin/../../lib\libc99-elf.a(stdout.CH_o)
                  0x000e16                  ___init_stdout
 .libc.__fmt_d    0x000e1e         0xb4 c:/program files/microchip/xc16/v2.10/bin/bin/../../lib\libc99-elf.a(__fmt_d.CH_o)
                  0x000e1e                  ___fmt_d
                  0x000e1e                  ___fmt_d_needed
 .libc.__LONG_DOUBLE_BITS
                  0x000ed2          0x2 c:/program files/microchip/xc16/v2.10/bin/bin/../../lib\libc99-elf.a(__fmt_fp.CH_o)
 .libc.__fmt_fp
                  0x000ed4        0x5a2 c:/program files/microchip/xc16/v2.10/bin/bin/../../lib\libc99-elf.a(__fmt_fp.CH_o)
                  0x000ed4                  ___fmt_f_needed
                  0x000ed4                  ___fmt_fp
 .libc.__fmt_o    0x001476         0x6e c:/program files/microchip/xc16/v2.10/bin/bin/../../lib\libc99-elf.a(__fmt_o.CH_o)
                  0x001476                  ___fmt_o
                  0x001476                  ___fmt_o_needed
 .libc.__fmt_s    0x0014e4         0x54 c:/program files/microchip/xc16/v2.10/bin/bin/../../lib\libc99-elf.a(__fmt_s.CH_o)
                  0x0014e4                  ___fmt_0_needed
                  0x0014e4                  ___fmt_s_needed
                  0x0014e4                  ___fmt_s
 .libc.__cvt_u    0x001538         0xa6 c:/program files/microchip/xc16/v2.10/bin/bin/../../lib\libc99-elf.a(__fmt_u.CH_o)
                  0x001538                  ___cvt_u
 .libc.__fmt_u    0x0015de         0x52 c:/program files/microchip/xc16/v2.10/bin/bin/../../lib\libc99-elf.a(__fmt_u.CH_o)
                  0x0015de                  ___fmt_u
                  0x0015de                  ___fmt_u_needed
 .libc.__fmt_x    0x001630        0x152 c:/program files/microchip/xc16/v2.10/bin/bin/../../lib\libc99-elf.a(__fmt_x.CH_o)
                  0x001630                  ___fmt_x_needed
                  0x001630                  ___fmt_x
 .libc.__vfprintf
                  0x001782         0x1c c:/program files/microchip/xc16/v2.10/bin/bin/../../lib\libc99-elf.a(__int_vfprintf.CH_o)
                  0x001782                  ___vfprintf
 .libc.__string_out
                  0x00179e         0x26 c:/program files/microchip/xc16/v2.10/bin/bin/../../lib\libc99-elf.a(__out.CH_o)
 .libc.__fwrite_min
                  0x0017c4          0x4 c:/program files/microchip/xc16/v2.10/bin/bin/../../lib\libc99-elf.a(__out.CH_o)
                  0x0017c4                  ___fwrite
                  0x0017c4                  ___stdio_write
                  0x0017c4                  ___stdio_write_unbuffered
 .libc.__out      0x0017c8         0x10 c:/program files/microchip/xc16/v2.10/bin/bin/../../lib\libc99-elf.a(__out.CH_o)
                  0x0017c8                  ___out_needed
                  0x0017c8                  ___out
 .libc.__pop_float
                  0x0017d8         0x3e c:/program files/microchip/xc16/v2.10/bin/bin/../../lib\libc99-elf.a(__pop_float.CH_o)
                  0x0017d8                  ___pop_float
                  0x0017d8                  ___pop_float_needed
 .libc.__pop_int
                  0x001816         0xa8 c:/program files/microchip/xc16/v2.10/bin/bin/../../lib\libc99-elf.a(__pop_int.CH_o)
                  0x001816                  ___pop_int
                  0x001816                  ___pop_int_needed
 .libc.__pop_ptr
                  0x0018be         0x70 c:/program files/microchip/xc16/v2.10/bin/bin/../../lib\libc99-elf.a(__pop_ptr.CH_o)
                  0x0018be                  ___pop_ptr_needed
                  0x0018be                  ___pop_ptr
 .libc.__string_out
                  0x00192e         0x26 c:/program files/microchip/xc16/v2.10/bin/bin/../../lib\libc99-elf.a(__printf_core.CH_o)
 .libc.__pad      0x001954         0x74 c:/program files/microchip/xc16/v2.10/bin/bin/../../lib\libc99-elf.a(__printf_core.CH_o)
                  0x001954                  ___pad
 .libc.__dummy_fmt3
                  0x0019c8          0x2 c:/program files/microchip/xc16/v2.10/bin/bin/../../lib\libc99-elf.a(__printf_core.CH_o)
 .libc.__dummy_fmt4
                  0x0019ca          0x2 c:/program files/microchip/xc16/v2.10/bin/bin/../../lib\libc99-elf.a(__printf_core.CH_o)
                  0x0019ca                  ___fmt_a
 .libc.__dummy_fmts
                  0x0019cc          0x2 c:/program files/microchip/xc16/v2.10/bin/bin/../../lib\libc99-elf.a(__printf_core.CH_o)
 .libc.__fmt_state
                  0x0019ce         0x32 c:/program files/microchip/xc16/v2.10/bin/bin/../../lib\libc99-elf.a(__printf_core.CH_o)
                  0x0019ce                  ___fmt_state
 .libc.vfpfcnvrt.clone.0
                  0x001a00        0x2d8 c:/program files/microchip/xc16/v2.10/bin/bin/../../lib\libc99-elf.a(__printf_core.CH_o)
 .libc.__printf_core
                  0x001cd8         0x40 c:/program files/microchip/xc16/v2.10/bin/bin/../../lib\libc99-elf.a(__printf_core.CH_o)
                  0x001cd8                  ___printf_core
 .libc.__stdio_close
                  0x001d18         0x3e c:/program files/microchip/xc16/v2.10/bin/bin/../../lib\libc99-elf.a(__stdio_close.CH_o)
                  0x001d18                  ___stdio_close
 .libc.__stdio_close_rw
                  0x001d56         0x58 c:/program files/microchip/xc16/v2.10/bin/bin/../../lib\libc99-elf.a(__stdio_close.CH_o)
                  0x001d56                  ___stdio_close_rw
 .libc.__isspace
                  0x001dae         0x14 c:/program files/microchip/xc16/v2.10/bin/bin/../../lib\libc99-elf.a(atoi.CH_o)
 .libc.atoi       0x001dc2         0x4c c:/program files/microchip/xc16/v2.10/bin/bin/../../lib\libc99-elf.a(atoi.CH_o)
                  0x001dc2                  _atoi
 .libc.fputs      0x001e0e         0x28 c:/program files/microchip/xc16/v2.10/bin/bin/../../lib\libc99-elf.a(fputs.CH_o)
                  0x001e0e                  _fputs_unlocked
                  0x001e0e                  _fputs
 .libc.__fwrite_min
                  0x001e36          0x4 c:/program files/microchip/xc16/v2.10/bin/bin/../../lib\libc99-elf.a(fwrite.CH_o)
 .libc.fwrite     0x001e3a         0x2c c:/program files/microchip/xc16/v2.10/bin/bin/../../lib\libc99-elf.a(fwrite.CH_o)
                  0x001e3a                  _fwrite
                  0x001e3a                  _fwrite_unlocked
 .libc.__lseek    0x001e66          0xc c:/program files/microchip/xc16/v2.10/bin/bin/../../lib\libc99-elf.a(lseek.CH_o)
                  0x001e66                  _lseek
                  0x001e66                  ___lseek
 .libc.__putc_unbuffered
                  0x001e72         0x2e c:/program files/microchip/xc16/v2.10/bin/bin/../../lib\libc99-elf.a(putc.CH_o)
                  0x001e72                  ___putc
                  0x001e72                  ___putc_unbuffered
 .libc.putc       0x001ea0          0x2 c:/program files/microchip/xc16/v2.10/bin/bin/../../lib\libc99-elf.a(putc.CH_o)
                  0x001ea0                  _putc
                  0x001ea0                  _fputc
                  0x001ea0                  _putc_unlocked
                  0x001ea0                  __IO_putc
 .libc.strcpy     0x001ea2          0xe c:/program files/microchip/xc16/v2.10/bin/bin/../../lib\libc99-elf.a(strcpy.CH_o)
                  0x001ea2                  _strcpy
 .libc.strlen     0x001eb0         0x30 c:/program files/microchip/xc16/v2.10/bin/bin/../../lib\libc99-elf.a(strlen.CH_o)
                  0x001eb0                  _strlen
 .libc.__syscall_ret
                  0x001ee0         0x14 c:/program files/microchip/xc16/v2.10/bin/bin/../../lib\libc99-elf.a(syscall_ret.CH_o)
                  0x001ee0                  ___syscall_ret
 .libc.tolower    0x001ef4          0xc c:/program files/microchip/xc16/v2.10/bin/bin/../../lib\libc99-elf.a(tolower.CH_o)
                  0x001ef4                  _tolower
 .libc.__tolower_l
                  0x001f00          0x2 c:/program files/microchip/xc16/v2.10/bin/bin/../../lib\libc99-elf.a(tolower.CH_o)
                  0x001f00                  ___tolower_l
                  0x001f00                  _tolower_l
 .libc.toupper    0x001f02          0xc c:/program files/microchip/xc16/v2.10/bin/bin/../../lib\libc99-elf.a(toupper.CH_o)
                  0x001f02                  _toupper
 .libc.__toupper_l
                  0x001f0e          0x2 c:/program files/microchip/xc16/v2.10/bin/bin/../../lib\libc99-elf.a(toupper.CH_o)
                  0x001f0e                  ___toupper_l
                  0x001f0e                  _toupper_l
 .libc.__dummy    0x001f10          0x2 c:/program files/microchip/xc16/v2.10/bin/bin/../../lib\libc99-elf.a(__init_stdio.CH_o)
                  0x001f10                  ___init_stderr
                  0x001f10                  ___init_stdin
 .libc.__init_stdio
                  0x001f12          0x6 c:/program files/microchip/xc16/v2.10/bin/bin/../../lib\libc99-elf.a(__init_stdio.CH_o)
                  0x001f12                  ___init_stdio
                  0x001f12                  ___init_stdio_needed
 .libc.__stpcpy
                  0x001f18         0x40 c:/program files/microchip/xc16/v2.10/bin/bin/../../lib\libc99-elf.a(stpcpy.CH_o)
                  0x001f18                  ___stpcpy
                  0x001f18                  _stpcpy
 .libc.doclose    0x001f58          0x4 c:/program files/microchip/xc16/v2.10/bin/bin/../../lib\libc99-pic30-elf.a(closech.Meo)
 .libm.eqdf2      0x001f5c          0xa c:/program files/microchip/xc16/v2.10/bin/bin/../../lib\libc99-pic30-elf.a(deqltle.CH_o)
                  0x001f5c                  ___eqdf2
                  0x001f5c                  ___ltdf2
                  0x001f5c                  ___ledf2
 .libm.gtdf2      0x001f66          0xa c:/program files/microchip/xc16/v2.10/bin/bin/../../lib\libc99-pic30-elf.a(dgtge.CH_o)
                  0x001f66                  ___gtdf2
                  0x001f66                  ___gedf2
 .libm.extendsfdf2
                  0x001f70         0x3e c:/program files/microchip/xc16/v2.10/bin/bin/../../lib\libc99-pic30-elf.a(extendsfdf.CH_o)
                  0x001f70                  ___extendsfdf2
 .libm.fixdfsi    0x001fae         0x58 c:/program files/microchip/xc16/v2.10/bin/bin/../../lib\libc99-pic30-elf.a(fixdfsi.CH_o)
                  0x001fae                  _(float, int, long long, double, float, short, int)
 .libm.funpack    0x002006         0x2a c:/program files/microchip/xc16/v2.10/bin/bin/../../lib\libc99-pic30-elf.a(funpack.CH_o)
                  0x002006                  __funpack
 .libm.mulsi3     0x002030          0xc c:/program files/microchip/xc16/v2.10/bin/bin/../../lib\libc99-pic30-elf.a(mulsi3.CH_o)
                  0x002030                  ___mulp32peds3
                  0x002030                  ___mulsi3
                  0x002030                  ___mulp32eds3
 .lib_dpfops      0x00203c         0xa2 c:/program files/microchip/xc16/v2.10/bin/bin/../../lib\libc99-pic30-elf.a(dpadd.CH_o)
                  0x00203c                  ___subdf3
                  0x002048                  ___adddf3
 .lib_dpfops      0x0020de        0x15e c:/program files/microchip/xc16/v2.10/bin/bin/../../lib\libc99-pic30-elf.a(dpdiv.CH_o)
                  0x0020de                  ___divdf3
 .lib_dpfops      0x00223c        0x11a c:/program files/microchip/xc16/v2.10/bin/bin/../../lib\libc99-pic30-elf.a(dpmul.CH_o)
                  0x00223c                  ___muldf3
 .lib_dpfops      0x002356        0x128 c:/program files/microchip/xc16/v2.10/bin/bin/../../lib\libc99-pic30-elf.a(dpsubs.CH_o)
                  0x002370                  __dxchg
                  0x00237e                  __drshft
                  0x0023d8                  __dupchk
                  0x00243a                  __drndex
                  0x002444                  __dnsrnd
                  0x002470                  __dpakex
 .libm.__PplusBdi
                  0x00247e         0x26 c:/program files/microchip/xc16/v2.10/bin/bin/../../lib\libc99-pic30-elf.a(divmoddi3.CH_o)
 .libm.__PminusBdi
                  0x0024a4         0x26 c:/program files/microchip/xc16/v2.10/bin/bin/../../lib\libc99-pic30-elf.a(divmoddi3.CH_o)
 .libm.__udivmoddi3
                  0x0024ca         0xe6 c:/program files/microchip/xc16/v2.10/bin/bin/../../lib\libc99-pic30-elf.a(divmoddi3.CH_o)
                  0x0024ca                  ___udivmoddi3
 .libm.__udivdi3
                  0x0025b0          0xe c:/program files/microchip/xc16/v2.10/bin/bin/../../lib\libc99-pic30-elf.a(divmoddi3.CH_o)
                  0x0025b0                  ___udivdi3
 .libm.__umoddi3
                  0x0025be          0x8 c:/program files/microchip/xc16/v2.10/bin/bin/../../lib\libc99-pic30-elf.a(divmoddi3.CH_o)
                  0x0025be                  ___umoddi3
 .libm.__divdi3
                  0x0025c6         0x60 c:/program files/microchip/xc16/v2.10/bin/bin/../../lib\libc99-pic30-elf.a(divmoddi3.CH_o)
                  0x0025c6                  ___divdi3
 .libm.__moddi3
                  0x002626         0x5c c:/program files/microchip/xc16/v2.10/bin/bin/../../lib\libc99-pic30-elf.a(divmoddi3.CH_o)
                  0x002626                  ___moddi3
 .libm.dcompare
                  0x002682         0x52 c:/program files/microchip/xc16/v2.10/bin/bin/../../lib\libc99-pic30-elf.a(dcompare.CH_o)
                  0x002682                  __dcompare
 .libm.dtype      0x0026d4         0x24 c:/program files/microchip/xc16/v2.10/bin/bin/../../lib\libc99-pic30-elf.a(dtype.CH_o)
                  0x0026d4                  __dtype
 .libm.dunpack    0x0026f8         0x4e c:/program files/microchip/xc16/v2.10/bin/bin/../../lib\libc99-pic30-elf.a(dunpack.CH_o)
                  0x0026f8                  __dunpack
 .libm.dunpack2
                  0x002746         0x32 c:/program files/microchip/xc16/v2.10/bin/bin/../../lib\libc99-pic30-elf.a(dunpack2.CH_o)
                  0x002746                  __dunpack2
                  0x002768                  __dreturnNaN
                  0x00276e                  __dunpack2exit
 .libm.dPropagateNaN
                  0x002778         0x1c c:/program files/microchip/xc16/v2.10/bin/bin/../../lib\libc99-pic30-elf.a(dpropagateNaN.CH_o)
                  0x002778                  __dPropagateNaN
 .libc.floorl     0x002794         0xf8 c:/program files/microchip/xc16/v2.10/bin/bin/../../lib\libm-elf.a(floorl.CH_o)
                  0x002794                  _floorl

usercode
 *(usercode)

__FBOOT
 *(__FBOOT.sec*)

__FSEC            0x02bf00          0x2
 *(__FSEC.sec*)
 __FSEC.sec       0x02bf00          0x2 /CW/_FSEC
                  0x02bf00                  __FSEC.sec

__FBSLIM
 *(__FBSLIM.sec*)

__FSIGN
 *(__FSIGN.sec*)

__FOSCSEL
 *(__FOSCSEL.sec*)

__FOSC
 *(__FOSC.sec*)

__FWDT
 *(__FWDT.sec*)

__FPOR
 *(__FPOR.sec*)

__FICD
 *(__FICD.sec*)

__FDMTIVTL
 *(__FDMTIVTL.sec*)

__FDMTIVTH
 *(__FDMTIVTH.sec*)

__FDMTCNTL
 *(__FDMTCNTL.sec*)

__FDMTCNTH
 *(__FDMTCNTH.sec*)

__FDMT
 *(__FDMT.sec*)

__FDEVOPT
 *(__FDEVOPT.sec*)

__FALTREG
 *(__FALTREG.sec*)

__FBTSEQ
 *(__FBTSEQ.sec*)

.comment
 *(.comment)

.debug_info       0x000000       0xcf63
 *(.debug_info)
 .debug_info      0x000000        0x4cd build/PICkit3/production/mcc_generated_files/reset.o
 .debug_info      0x0004cd        0x39c build/PICkit3/production/mcc_generated_files/system.o
 .debug_info      0x000869        0x60c build/PICkit3/production/mcc_generated_files/traps.o
 .debug_info      0x000e75        0x559 build/PICkit3/production/mcc_generated_files/clock.o
 .debug_info      0x0013ce        0x52e build/PICkit3/production/mcc_generated_files/interrupt_manager.o
 .debug_info      0x0018fc        0x346 build/PICkit3/production/mcc_generated_files/mcc.o
 .debug_info      0x001c42        0x74a build/PICkit3/production/mcc_generated_files/pin_manager.o
 .debug_info      0x00238c        0x8e7 build/PICkit3/production/mcc_generated_files/spi2.o
 .debug_info      0x002c73        0x8b3 build/PICkit3/production/mcc_generated_files/spi1.o
 .debug_info      0x003526        0x8d5 build/PICkit3/production/mcc_generated_files/tmr1.o
 .debug_info      0x003dfb        0x8b3 build/PICkit3/production/mcc_generated_files/spi3.o
 .debug_info      0x0046ae       0x1018 build/PICkit3/production/mcc_generated_files/i2c2.o
 .debug_info      0x0056c6       0x1655 build/PICkit3/production/mcc_generated_files/uart1.o
 .debug_info      0x006d1b       0x1f5a build/PICkit3/production/main.o
 .debug_info      0x008c75        0xc9c build/PICkit3/production/spi.o
 .debug_info      0x009911        0x9e0 build/PICkit3/production/ads1115.o
 .debug_info      0x00a2f1        0x899 build/PICkit3/production/eeprom.o
 .debug_info      0x00ab8a        0x42b build/PICkit3/production/storage.o
 .debug_info      0x00afb5        0x54f build/PICkit3/production/pca9544a.o
 .debug_info      0x00b504        0x8cf build/PICkit3/production/sensirion_lg16.o
 .debug_info      0x00bdd3         0x8c c:/program files/microchip/xc16/v2.10/bin/bin/../../lib\libc99-pic30-elf.a(divsi3.CH_o)
 .debug_info      0x00be5f         0x8f c:/program files/microchip/xc16/v2.10/bin/bin/../../lib\libc99-pic30-elf.a(floatsisf.CH_o)
 .debug_info      0x00beee         0x91 c:/program files/microchip/xc16/v2.10/bin/bin/../../lib\libc99-pic30-elf.a(floatunsisf.CH_o)
 .debug_info      0x00bf7f         0x8d c:/program files/microchip/xc16/v2.10/bin/bin/../../lib\libc99-pic30-elf.a(udivsi3.CH_o)
 .debug_info      0x00c00c         0x9d c:/program files/microchip/xc16/v2.10/bin/bin/../../lib\libc99-pic30-elf.a(divsf3x.CH_o)
 .debug_info      0x00c0a9         0x9d c:/program files/microchip/xc16/v2.10/bin/bin/../../lib\libc99-pic30-elf.a(mulsf3x.CH_o)
 .debug_info      0x00c146         0xa0 c:/program files/microchip/xc16/v2.10/bin/bin/../../lib\libc99-pic30-elf.a(dnrmpackfx.CH_o)
 .debug_info      0x00c1e6         0xa2 c:/program files/microchip/xc16/v2.10/bin/bin/../../lib\libc99-pic30-elf.a(unpackdnrmfx.CH_o)
 .debug_info      0x00c288         0x9c c:/program files/microchip/xc16/v2.10/bin/bin/../../lib\libc99-pic30-elf.a(typefx.CH_o)
 .debug_info      0x00c324         0x9f c:/program files/microchip/xc16/v2.10/bin/bin/../../lib\libc99-pic30-elf.a(propnanfx.CH_o)
 .debug_info      0x00c3c3         0x9d c:/program files/microchip/xc16/v2.10/bin/bin/../../lib\libc99-pic30-elf.a(spackfx.CH_o)
 .debug_info      0x00c460         0x9e c:/program files/microchip/xc16/v2.10/bin/bin/../../lib\libc99-pic30-elf.a(unpackfx.CH_o)
 .debug_info      0x00c4fe         0x8f c:/program files/microchip/xc16/v2.10/bin/bin/../../lib\libc99-pic30-elf.a(floatdisf.CH_o)
 .debug_info      0x00c58d         0x91 c:/program files/microchip/xc16/v2.10/bin/bin/../../lib\libc99-pic30-elf.a(floatundisf.CH_o)
 .debug_info      0x00c61e         0x8b c:/program files/microchip/xc16/v2.10/bin/bin/../../lib\libc99-pic30-elf.a(fpack.CH_o)
 .debug_info      0x00c6a9         0x8d c:/program files/microchip/xc16/v2.10/bin/bin/../../lib\libc99-pic30-elf.a(deqltle.CH_o)
 .debug_info      0x00c736         0x8b c:/program files/microchip/xc16/v2.10/bin/bin/../../lib\libc99-pic30-elf.a(dgtge.CH_o)
 .debug_info      0x00c7c1         0x90 c:/program files/microchip/xc16/v2.10/bin/bin/../../lib\libc99-pic30-elf.a(extendsfdf.CH_o)
 .debug_info      0x00c851         0x8d c:/program files/microchip/xc16/v2.10/bin/bin/../../lib\libc99-pic30-elf.a(fixdfsi.CH_o)
 .debug_info      0x00c8de         0x8d c:/program files/microchip/xc16/v2.10/bin/bin/../../lib\libc99-pic30-elf.a(funpack.CH_o)
 .debug_info      0x00c96b         0x8c c:/program files/microchip/xc16/v2.10/bin/bin/../../lib\libc99-pic30-elf.a(mulsi3.CH_o)
 .debug_info      0x00c9f7         0xa9 c:/program files/microchip/xc16/v2.10/bin/bin/../../lib\libc99-pic30-elf.a(dpadd.CH_o)
 .debug_info      0x00caa0         0xa9 c:/program files/microchip/xc16/v2.10/bin/bin/../../lib\libc99-pic30-elf.a(dpdiv.CH_o)
 .debug_info      0x00cb49         0xa9 c:/program files/microchip/xc16/v2.10/bin/bin/../../lib\libc99-pic30-elf.a(dpmul.CH_o)
 .debug_info      0x00cbf2         0xaa c:/program files/microchip/xc16/v2.10/bin/bin/../../lib\libc99-pic30-elf.a(dpsubs.CH_o)
 .debug_info      0x00cc9c         0x8e c:/program files/microchip/xc16/v2.10/bin/bin/../../lib\libc99-pic30-elf.a(dcompare.CH_o)
 .debug_info      0x00cd2a         0x8b c:/program files/microchip/xc16/v2.10/bin/bin/../../lib\libc99-pic30-elf.a(dtype.CH_o)
 .debug_info      0x00cdb5         0x8d c:/program files/microchip/xc16/v2.10/bin/bin/../../lib\libc99-pic30-elf.a(dunpack.CH_o)
 .debug_info      0x00ce42         0x8e c:/program files/microchip/xc16/v2.10/bin/bin/../../lib\libc99-pic30-elf.a(dunpack2.CH_o)
 .debug_info      0x00ced0         0x93 c:/program files/microchip/xc16/v2.10/bin/bin/../../lib\libc99-pic30-elf.a(dpropagateNaN.CH_o)
 *(.gnu.linkonce.wi.*)

.debug_abbrev     0x000000       0x1c9b
 *(.debug_abbrev)
 .debug_abbrev    0x000000         0xf6 build/PICkit3/production/mcc_generated_files/reset.o
 .debug_abbrev    0x0000f6         0xa8 build/PICkit3/production/mcc_generated_files/system.o
 .debug_abbrev    0x00019e        0x10d build/PICkit3/production/mcc_generated_files/traps.o
 .debug_abbrev    0x0002ab         0xc5 build/PICkit3/production/mcc_generated_files/clock.o
 .debug_abbrev    0x000370         0x8a build/PICkit3/production/mcc_generated_files/interrupt_manager.o
 .debug_abbrev    0x0003fa         0xd6 build/PICkit3/production/mcc_generated_files/mcc.o
 .debug_abbrev    0x0004d0         0x9b build/PICkit3/production/mcc_generated_files/pin_manager.o
 .debug_abbrev    0x00056b        0x147 build/PICkit3/production/mcc_generated_files/spi2.o
 .debug_abbrev    0x0006b2        0x147 build/PICkit3/production/mcc_generated_files/spi1.o
 .debug_abbrev    0x0007f9        0x163 build/PICkit3/production/mcc_generated_files/tmr1.o
 .debug_abbrev    0x00095c        0x147 build/PICkit3/production/mcc_generated_files/spi3.o
 .debug_abbrev    0x000aa3        0x201 build/PICkit3/production/mcc_generated_files/i2c2.o
 .debug_abbrev    0x000ca4        0x223 build/PICkit3/production/mcc_generated_files/uart1.o
 .debug_abbrev    0x000ec7        0x299 build/PICkit3/production/main.o
 .debug_abbrev    0x001160        0x1ff build/PICkit3/production/spi.o
 .debug_abbrev    0x00135f        0x198 build/PICkit3/production/ads1115.o
 .debug_abbrev    0x0014f7        0x1c1 build/PICkit3/production/eeprom.o
 .debug_abbrev    0x0016b8         0xf5 build/PICkit3/production/storage.o
 .debug_abbrev    0x0017ad        0x12c build/PICkit3/production/pca9544a.o
 .debug_abbrev    0x0018d9        0x16a build/PICkit3/production/sensirion_lg16.o
 .debug_abbrev    0x001a43         0x14 c:/program files/microchip/xc16/v2.10/bin/bin/../../lib\libc99-pic30-elf.a(divsi3.CH_o)
 .debug_abbrev    0x001a57         0x14 c:/program files/microchip/xc16/v2.10/bin/bin/../../lib\libc99-pic30-elf.a(floatsisf.CH_o)
 .debug_abbrev    0x001a6b         0x14 c:/program files/microchip/xc16/v2.10/bin/bin/../../lib\libc99-pic30-elf.a(floatunsisf.CH_o)
 .debug_abbrev    0x001a7f         0x14 c:/program files/microchip/xc16/v2.10/bin/bin/../../lib\libc99-pic30-elf.a(udivsi3.CH_o)
 .debug_abbrev    0x001a93         0x14 c:/program files/microchip/xc16/v2.10/bin/bin/../../lib\libc99-pic30-elf.a(divsf3x.CH_o)
 .debug_abbrev    0x001aa7         0x14 c:/program files/microchip/xc16/v2.10/bin/bin/../../lib\libc99-pic30-elf.a(mulsf3x.CH_o)
 .debug_abbrev    0x001abb         0x14 c:/program files/microchip/xc16/v2.10/bin/bin/../../lib\libc99-pic30-elf.a(dnrmpackfx.CH_o)
 .debug_abbrev    0x001acf         0x14 c:/program files/microchip/xc16/v2.10/bin/bin/../../lib\libc99-pic30-elf.a(unpackdnrmfx.CH_o)
 .debug_abbrev    0x001ae3         0x14 c:/program files/microchip/xc16/v2.10/bin/bin/../../lib\libc99-pic30-elf.a(typefx.CH_o)
 .debug_abbrev    0x001af7         0x14 c:/program files/microchip/xc16/v2.10/bin/bin/../../lib\libc99-pic30-elf.a(propnanfx.CH_o)
 .debug_abbrev    0x001b0b         0x14 c:/program files/microchip/xc16/v2.10/bin/bin/../../lib\libc99-pic30-elf.a(spackfx.CH_o)
 .debug_abbrev    0x001b1f         0x14 c:/program files/microchip/xc16/v2.10/bin/bin/../../lib\libc99-pic30-elf.a(unpackfx.CH_o)
 .debug_abbrev    0x001b33         0x14 c:/program files/microchip/xc16/v2.10/bin/bin/../../lib\libc99-pic30-elf.a(floatdisf.CH_o)
 .debug_abbrev    0x001b47         0x14 c:/program files/microchip/xc16/v2.10/bin/bin/../../lib\libc99-pic30-elf.a(floatundisf.CH_o)
 .debug_abbrev    0x001b5b         0x14 c:/program files/microchip/xc16/v2.10/bin/bin/../../lib\libc99-pic30-elf.a(fpack.CH_o)
 .debug_abbrev    0x001b6f         0x14 c:/program files/microchip/xc16/v2.10/bin/bin/../../lib\libc99-pic30-elf.a(deqltle.CH_o)
 .debug_abbrev    0x001b83         0x14 c:/program files/microchip/xc16/v2.10/bin/bin/../../lib\libc99-pic30-elf.a(dgtge.CH_o)
 .debug_abbrev    0x001b97         0x14 c:/program files/microchip/xc16/v2.10/bin/bin/../../lib\libc99-pic30-elf.a(extendsfdf.CH_o)
 .debug_abbrev    0x001bab         0x14 c:/program files/microchip/xc16/v2.10/bin/bin/../../lib\libc99-pic30-elf.a(fixdfsi.CH_o)
 .debug_abbrev    0x001bbf         0x14 c:/program files/microchip/xc16/v2.10/bin/bin/../../lib\libc99-pic30-elf.a(funpack.CH_o)
 .debug_abbrev    0x001bd3         0x14 c:/program files/microchip/xc16/v2.10/bin/bin/../../lib\libc99-pic30-elf.a(mulsi3.CH_o)
 .debug_abbrev    0x001be7         0x14 c:/program files/microchip/xc16/v2.10/bin/bin/../../lib\libc99-pic30-elf.a(dpadd.CH_o)
 .debug_abbrev    0x001bfb         0x14 c:/program files/microchip/xc16/v2.10/bin/bin/../../lib\libc99-pic30-elf.a(dpdiv.CH_o)
 .debug_abbrev    0x001c0f         0x14 c:/program files/microchip/xc16/v2.10/bin/bin/../../lib\libc99-pic30-elf.a(dpmul.CH_o)
 .debug_abbrev    0x001c23         0x14 c:/program files/microchip/xc16/v2.10/bin/bin/../../lib\libc99-pic30-elf.a(dpsubs.CH_o)
 .debug_abbrev    0x001c37         0x14 c:/program files/microchip/xc16/v2.10/bin/bin/../../lib\libc99-pic30-elf.a(dcompare.CH_o)
 .debug_abbrev    0x001c4b         0x14 c:/program files/microchip/xc16/v2.10/bin/bin/../../lib\libc99-pic30-elf.a(dtype.CH_o)
 .debug_abbrev    0x001c5f         0x14 c:/program files/microchip/xc16/v2.10/bin/bin/../../lib\libc99-pic30-elf.a(dunpack.CH_o)
 .debug_abbrev    0x001c73         0x14 c:/program files/microchip/xc16/v2.10/bin/bin/../../lib\libc99-pic30-elf.a(dunpack2.CH_o)
 .debug_abbrev    0x001c87         0x14 c:/program files/microchip/xc16/v2.10/bin/bin/../../lib\libc99-pic30-elf.a(dpropagateNaN.CH_o)

.debug_line       0x000000       0x2c10
 *(.debug_line)
 .debug_line      0x000000        0x155 build/PICkit3/production/mcc_generated_files/reset.o
 .debug_line      0x000155        0x159 build/PICkit3/production/mcc_generated_files/system.o
 .debug_line      0x0002ae        0x13e build/PICkit3/production/mcc_generated_files/traps.o
 .debug_line      0x0003ec        0x120 build/PICkit3/production/mcc_generated_files/clock.o
 .debug_line      0x00050c        0x11d build/PICkit3/production/mcc_generated_files/interrupt_manager.o
 .debug_line      0x000629        0x112 build/PICkit3/production/mcc_generated_files/mcc.o
 .debug_line      0x00073b        0x12a build/PICkit3/production/mcc_generated_files/pin_manager.o
 .debug_line      0x000865        0x162 build/PICkit3/production/mcc_generated_files/spi2.o
 .debug_line      0x0009c7        0x15c build/PICkit3/production/mcc_generated_files/spi1.o
 .debug_line      0x000b23        0x153 build/PICkit3/production/mcc_generated_files/tmr1.o
 .debug_line      0x000c76        0x15c build/PICkit3/production/mcc_generated_files/spi3.o
 .debug_line      0x000dd2        0x1ff build/PICkit3/production/mcc_generated_files/i2c2.o
 .debug_line      0x000fd1        0x220 build/PICkit3/production/mcc_generated_files/uart1.o
 .debug_line      0x0011f1        0x3d2 build/PICkit3/production/main.o
 .debug_line      0x0015c3        0x1bf build/PICkit3/production/spi.o
 .debug_line      0x001782        0x196 build/PICkit3/production/ads1115.o
 .debug_line      0x001918        0x1a9 build/PICkit3/production/eeprom.o
 .debug_line      0x001ac1        0x11b build/PICkit3/production/storage.o
 .debug_line      0x001bdc        0x13d build/PICkit3/production/pca9544a.o
 .debug_line      0x001d19        0x183 build/PICkit3/production/sensirion_lg16.o
 .debug_line      0x001e9c         0x43 c:/program files/microchip/xc16/v2.10/bin/bin/../../lib\libc99-pic30-elf.a(divsi3.CH_o)
 .debug_line      0x001edf         0x3a c:/program files/microchip/xc16/v2.10/bin/bin/../../lib\libc99-pic30-elf.a(floatsisf.CH_o)
 .debug_line      0x001f19         0x3b c:/program files/microchip/xc16/v2.10/bin/bin/../../lib\libc99-pic30-elf.a(floatunsisf.CH_o)
 .debug_line      0x001f54         0x45 c:/program files/microchip/xc16/v2.10/bin/bin/../../lib\libc99-pic30-elf.a(udivsi3.CH_o)
 .debug_line      0x001f99        0x124 c:/program files/microchip/xc16/v2.10/bin/bin/../../lib\libc99-pic30-elf.a(divsf3x.CH_o)
 .debug_line      0x0020bd         0xcc c:/program files/microchip/xc16/v2.10/bin/bin/../../lib\libc99-pic30-elf.a(mulsf3x.CH_o)
 .debug_line      0x002189         0x72 c:/program files/microchip/xc16/v2.10/bin/bin/../../lib\libc99-pic30-elf.a(dnrmpackfx.CH_o)
 .debug_line      0x0021fb         0x7a c:/program files/microchip/xc16/v2.10/bin/bin/../../lib\libc99-pic30-elf.a(unpackdnrmfx.CH_o)
 .debug_line      0x002275         0x5e c:/program files/microchip/xc16/v2.10/bin/bin/../../lib\libc99-pic30-elf.a(typefx.CH_o)
 .debug_line      0x0022d3         0x51 c:/program files/microchip/xc16/v2.10/bin/bin/../../lib\libc99-pic30-elf.a(propnanfx.CH_o)
 .debug_line      0x002324         0x98 c:/program files/microchip/xc16/v2.10/bin/bin/../../lib\libc99-pic30-elf.a(spackfx.CH_o)
 .debug_line      0x0023bc         0x79 c:/program files/microchip/xc16/v2.10/bin/bin/../../lib\libc99-pic30-elf.a(unpackfx.CH_o)
 .debug_line      0x002435         0x1a c:/program files/microchip/xc16/v2.10/bin/bin/../../lib\libc99-pic30-elf.a(errno.CH_o)
 .debug_line      0x00244f         0x47 c:/program files/microchip/xc16/v2.10/bin/bin/../../lib\libc99-pic30-elf.a(floatdisf.CH_o)
 .debug_line      0x002496         0x6c c:/program files/microchip/xc16/v2.10/bin/bin/../../lib\libc99-pic30-elf.a(floatundisf.CH_o)
 .debug_line      0x002502         0x5a c:/program files/microchip/xc16/v2.10/bin/bin/../../lib\libc99-pic30-elf.a(fpack.CH_o)
 .debug_line      0x00255c         0x3a c:/program files/microchip/xc16/v2.10/bin/bin/../../lib\libc99-pic30-elf.a(deqltle.CH_o)
 .debug_line      0x002596         0x38 c:/program files/microchip/xc16/v2.10/bin/bin/../../lib\libc99-pic30-elf.a(dgtge.CH_o)
 .debug_line      0x0025ce         0x59 c:/program files/microchip/xc16/v2.10/bin/bin/../../lib\libc99-pic30-elf.a(extendsfdf.CH_o)
 .debug_line      0x002627         0x61 c:/program files/microchip/xc16/v2.10/bin/bin/../../lib\libc99-pic30-elf.a(fixdfsi.CH_o)
 .debug_line      0x002688         0x4a c:/program files/microchip/xc16/v2.10/bin/bin/../../lib\libc99-pic30-elf.a(funpack.CH_o)
 .debug_line      0x0026d2         0x3a c:/program files/microchip/xc16/v2.10/bin/bin/../../lib\libc99-pic30-elf.a(mulsi3.CH_o)
 .debug_line      0x00270c         0xa2 c:/program files/microchip/xc16/v2.10/bin/bin/../../lib\libc99-pic30-elf.a(dpadd.CH_o)
 .debug_line      0x0027ae        0x100 c:/program files/microchip/xc16/v2.10/bin/bin/../../lib\libc99-pic30-elf.a(dpdiv.CH_o)
 .debug_line      0x0028ae         0xde c:/program files/microchip/xc16/v2.10/bin/bin/../../lib\libc99-pic30-elf.a(dpmul.CH_o)
 .debug_line      0x00298c         0xe8 c:/program files/microchip/xc16/v2.10/bin/bin/../../lib\libc99-pic30-elf.a(dpsubs.CH_o)
 .debug_line      0x002a74         0x5f c:/program files/microchip/xc16/v2.10/bin/bin/../../lib\libc99-pic30-elf.a(dcompare.CH_o)
 .debug_line      0x002ad3         0x45 c:/program files/microchip/xc16/v2.10/bin/bin/../../lib\libc99-pic30-elf.a(dtype.CH_o)
 .debug_line      0x002b18         0x5c c:/program files/microchip/xc16/v2.10/bin/bin/../../lib\libc99-pic30-elf.a(dunpack.CH_o)
 .debug_line      0x002b74         0x53 c:/program files/microchip/xc16/v2.10/bin/bin/../../lib\libc99-pic30-elf.a(dunpack2.CH_o)
 .debug_line      0x002bc7         0x49 c:/program files/microchip/xc16/v2.10/bin/bin/../../lib\libc99-pic30-elf.a(dpropagateNaN.CH_o)

.debug_frame      0x000000       0x14f6
 *(.debug_frame)
 .debug_frame     0x000000        0x118 build/PICkit3/production/mcc_generated_files/reset.o
 .debug_frame     0x000118         0x62 build/PICkit3/production/mcc_generated_files/system.o
 .debug_frame     0x00017a         0x9e build/PICkit3/production/mcc_generated_files/traps.o
 .debug_frame     0x000218         0x2e build/PICkit3/production/mcc_generated_files/clock.o
 .debug_frame     0x000246         0x2e build/PICkit3/production/mcc_generated_files/interrupt_manager.o
 .debug_frame     0x000274         0x7c build/PICkit3/production/mcc_generated_files/mcc.o
 .debug_frame     0x0002f0         0x2e build/PICkit3/production/mcc_generated_files/pin_manager.o
 .debug_frame     0x00031e         0xb0 build/PICkit3/production/mcc_generated_files/spi2.o
 .debug_frame     0x0003ce         0xb0 build/PICkit3/production/mcc_generated_files/spi1.o
 .debug_frame     0x00047e        0x18a build/PICkit3/production/mcc_generated_files/tmr1.o
 .debug_frame     0x000608         0xb0 build/PICkit3/production/mcc_generated_files/spi3.o
 .debug_frame     0x0006b8        0x1a4 build/PICkit3/production/mcc_generated_files/i2c2.o
 .debug_frame     0x00085c        0x33e build/PICkit3/production/mcc_generated_files/uart1.o
 .debug_frame     0x000b9a        0x3e6 build/PICkit3/production/main.o
 .debug_frame     0x000f80        0x19a build/PICkit3/production/spi.o
 .debug_frame     0x00111a         0xe4 build/PICkit3/production/ads1115.o
 .debug_frame     0x0011fe        0x136 build/PICkit3/production/eeprom.o
 .debug_frame     0x001334         0x7c build/PICkit3/production/storage.o
 .debug_frame     0x0013b0         0x48 build/PICkit3/production/pca9544a.o
 .debug_frame     0x0013f8         0xfe build/PICkit3/production/sensirion_lg16.o

.debug_str        0x000000        0x886
 *(.debug_str)
 .debug_str       0x000000         0x17 build/PICkit3/production/mcc_generated_files/reset.o
 .debug_str       0x000017         0x24 build/PICkit3/production/mcc_generated_files/traps.o
 .debug_str       0x00003b         0x42 build/PICkit3/production/mcc_generated_files/clock.o
 .debug_str       0x00007d         0x38 build/PICkit3/production/mcc_generated_files/interrupt_manager.o
 .debug_str       0x0000b5          0xc build/PICkit3/production/mcc_generated_files/mcc.o
 .debug_str       0x0000c1         0x62 build/PICkit3/production/mcc_generated_files/pin_manager.o
 .debug_str       0x000123         0xac build/PICkit3/production/mcc_generated_files/spi2.o
 .debug_str       0x0001cf         0xa3 build/PICkit3/production/mcc_generated_files/spi1.o
 .debug_str       0x000272         0x32 build/PICkit3/production/mcc_generated_files/tmr1.o
 .debug_str       0x0002a4         0xa3 build/PICkit3/production/mcc_generated_files/spi3.o
 .debug_str       0x000347         0x5d build/PICkit3/production/mcc_generated_files/i2c2.o
 .debug_str       0x0003a4         0xb7 build/PICkit3/production/mcc_generated_files/uart1.o
 .debug_str       0x00045b        0x25d build/PICkit3/production/main.o
 .debug_str       0x0006b8        0x104 build/PICkit3/production/spi.o
 .debug_str       0x0007bc         0x4c build/PICkit3/production/ads1115.o
 .debug_str       0x000808         0x1a build/PICkit3/production/eeprom.o
 .debug_str       0x000822         0x21 build/PICkit3/production/storage.o
 .debug_str       0x000843         0x15 build/PICkit3/production/pca9544a.o
 .debug_str       0x000858         0x2e build/PICkit3/production/sensirion_lg16.o

.debug_loc
 *(.debug_loc)

.debug_macinfo
 *(.debug_macinfo)

.debug_pubnames
                  0x000000       0x132c
 *(.debug_pubnames)
 .debug_pubnames
                  0x000000         0x54 build/PICkit3/production/mcc_generated_files/reset.o
 .debug_pubnames
                  0x000054         0x28 build/PICkit3/production/mcc_generated_files/system.o
 .debug_pubnames
                  0x00007c         0x95 build/PICkit3/production/mcc_generated_files/traps.o
 .debug_pubnames
                  0x000111         0x27 build/PICkit3/production/mcc_generated_files/clock.o
 .debug_pubnames
                  0x000138         0x2b build/PICkit3/production/mcc_generated_files/interrupt_manager.o
 .debug_pubnames
                  0x000163         0x80 build/PICkit3/production/mcc_generated_files/mcc.o
 .debug_pubnames
                  0x0001e3         0x2d build/PICkit3/production/mcc_generated_files/pin_manager.o
 .debug_pubnames
                  0x000210         0x97 build/PICkit3/production/mcc_generated_files/spi2.o
 .debug_pubnames
                  0x0002a7         0x95 build/PICkit3/production/mcc_generated_files/spi1.o
 .debug_pubnames
                  0x00033c        0x156 build/PICkit3/production/mcc_generated_files/tmr1.o
 .debug_pubnames
                  0x000492         0x95 build/PICkit3/production/mcc_generated_files/spi3.o
 .debug_pubnames
                  0x000527        0x131 build/PICkit3/production/mcc_generated_files/i2c2.o
 .debug_pubnames
                  0x000658        0x296 build/PICkit3/production/mcc_generated_files/uart1.o
 .debug_pubnames
                  0x0008ee        0x55e build/PICkit3/production/main.o
 .debug_pubnames
                  0x000e4c        0x18e build/PICkit3/production/spi.o
 .debug_pubnames
                  0x000fda         0xdb build/PICkit3/production/ads1115.o
 .debug_pubnames
                  0x0010b5         0xe0 build/PICkit3/production/eeprom.o
 .debug_pubnames
                  0x001195         0x7c build/PICkit3/production/storage.o
 .debug_pubnames
                  0x001211         0x37 build/PICkit3/production/pca9544a.o
 .debug_pubnames
                  0x001248         0xe4 build/PICkit3/production/sensirion_lg16.o

.debug_ranges
 *(.debug_ranges)

.debug_aranges    0x000000        0x5d8
 *(.debug_aranges)
 .debug_aranges
                  0x000000         0x18 build/PICkit3/production/mcc_generated_files/reset.o
 .debug_aranges
                  0x000018         0x18 build/PICkit3/production/mcc_generated_files/system.o
 .debug_aranges
                  0x000030         0x48 build/PICkit3/production/mcc_generated_files/traps.o
 .debug_aranges
                  0x000078         0x18 build/PICkit3/production/mcc_generated_files/clock.o
 .debug_aranges
                  0x000090         0x18 build/PICkit3/production/mcc_generated_files/interrupt_manager.o
 .debug_aranges
                  0x0000a8         0x18 build/PICkit3/production/mcc_generated_files/mcc.o
 .debug_aranges
                  0x0000c0         0x18 build/PICkit3/production/mcc_generated_files/pin_manager.o
 .debug_aranges
                  0x0000d8         0x18 build/PICkit3/production/mcc_generated_files/spi2.o
 .debug_aranges
                  0x0000f0         0x18 build/PICkit3/production/mcc_generated_files/spi1.o
 .debug_aranges
                  0x000108         0x18 build/PICkit3/production/mcc_generated_files/tmr1.o
 .debug_aranges
                  0x000120         0x18 build/PICkit3/production/mcc_generated_files/spi3.o
 .debug_aranges
                  0x000138         0x18 build/PICkit3/production/mcc_generated_files/i2c2.o
 .debug_aranges
                  0x000150         0x20 build/PICkit3/production/mcc_generated_files/uart1.o
 .debug_aranges
                  0x000170         0x18 build/PICkit3/production/main.o
 .debug_aranges
                  0x000188         0x18 build/PICkit3/production/spi.o
 .debug_aranges
                  0x0001a0         0x18 build/PICkit3/production/ads1115.o
 .debug_aranges
                  0x0001b8         0x18 build/PICkit3/production/eeprom.o
 .debug_aranges
                  0x0001d0         0x18 build/PICkit3/production/storage.o
 .debug_aranges
                  0x0001e8         0x18 build/PICkit3/production/pca9544a.o
 .debug_aranges
                  0x000200         0x18 build/PICkit3/production/sensirion_lg16.o
 .debug_aranges
                  0x000218         0x20 c:/program files/microchip/xc16/v2.10/bin/bin/../../lib\libc99-pic30-elf.a(divsi3.CH_o)
 .debug_aranges
                  0x000238         0x20 c:/program files/microchip/xc16/v2.10/bin/bin/../../lib\libc99-pic30-elf.a(floatsisf.CH_o)
 .debug_aranges
                  0x000258         0x20 c:/program files/microchip/xc16/v2.10/bin/bin/../../lib\libc99-pic30-elf.a(floatunsisf.CH_o)
 .debug_aranges
                  0x000278         0x20 c:/program files/microchip/xc16/v2.10/bin/bin/../../lib\libc99-pic30-elf.a(udivsi3.CH_o)
 .debug_aranges
                  0x000298         0x20 c:/program files/microchip/xc16/v2.10/bin/bin/../../lib\libc99-pic30-elf.a(divsf3x.CH_o)
 .debug_aranges
                  0x0002b8         0x20 c:/program files/microchip/xc16/v2.10/bin/bin/../../lib\libc99-pic30-elf.a(mulsf3x.CH_o)
 .debug_aranges
                  0x0002d8         0x20 c:/program files/microchip/xc16/v2.10/bin/bin/../../lib\libc99-pic30-elf.a(dnrmpackfx.CH_o)
 .debug_aranges
                  0x0002f8         0x20 c:/program files/microchip/xc16/v2.10/bin/bin/../../lib\libc99-pic30-elf.a(unpackdnrmfx.CH_o)
 .debug_aranges
                  0x000318         0x20 c:/program files/microchip/xc16/v2.10/bin/bin/../../lib\libc99-pic30-elf.a(typefx.CH_o)
 .debug_aranges
                  0x000338         0x20 c:/program files/microchip/xc16/v2.10/bin/bin/../../lib\libc99-pic30-elf.a(propnanfx.CH_o)
 .debug_aranges
                  0x000358         0x20 c:/program files/microchip/xc16/v2.10/bin/bin/../../lib\libc99-pic30-elf.a(spackfx.CH_o)
 .debug_aranges
                  0x000378         0x20 c:/program files/microchip/xc16/v2.10/bin/bin/../../lib\libc99-pic30-elf.a(unpackfx.CH_o)
 .debug_aranges
                  0x000398         0x20 c:/program files/microchip/xc16/v2.10/bin/bin/../../lib\libc99-pic30-elf.a(floatdisf.CH_o)
 .debug_aranges
                  0x0003b8         0x20 c:/program files/microchip/xc16/v2.10/bin/bin/../../lib\libc99-pic30-elf.a(floatundisf.CH_o)
 .debug_aranges
                  0x0003d8         0x20 c:/program files/microchip/xc16/v2.10/bin/bin/../../lib\libc99-pic30-elf.a(fpack.CH_o)
 .debug_aranges
                  0x0003f8         0x20 c:/program files/microchip/xc16/v2.10/bin/bin/../../lib\libc99-pic30-elf.a(deqltle.CH_o)
 .debug_aranges
                  0x000418         0x20 c:/program files/microchip/xc16/v2.10/bin/bin/../../lib\libc99-pic30-elf.a(dgtge.CH_o)
 .debug_aranges
                  0x000438         0x20 c:/program files/microchip/xc16/v2.10/bin/bin/../../lib\libc99-pic30-elf.a(extendsfdf.CH_o)
 .debug_aranges
                  0x000458         0x20 c:/program files/microchip/xc16/v2.10/bin/bin/../../lib\libc99-pic30-elf.a(fixdfsi.CH_o)
 .debug_aranges
                  0x000478         0x20 c:/program files/microchip/xc16/v2.10/bin/bin/../../lib\libc99-pic30-elf.a(funpack.CH_o)
 .debug_aranges
                  0x000498         0x20 c:/program files/microchip/xc16/v2.10/bin/bin/../../lib\libc99-pic30-elf.a(mulsi3.CH_o)
 .debug_aranges
                  0x0004b8         0x20 c:/program files/microchip/xc16/v2.10/bin/bin/../../lib\libc99-pic30-elf.a(dpadd.CH_o)
 .debug_aranges
                  0x0004d8         0x20 c:/program files/microchip/xc16/v2.10/bin/bin/../../lib\libc99-pic30-elf.a(dpdiv.CH_o)
 .debug_aranges
                  0x0004f8         0x20 c:/program files/microchip/xc16/v2.10/bin/bin/../../lib\libc99-pic30-elf.a(dpmul.CH_o)
 .debug_aranges
                  0x000518         0x20 c:/program files/microchip/xc16/v2.10/bin/bin/../../lib\libc99-pic30-elf.a(dpsubs.CH_o)
 .debug_aranges
                  0x000538         0x20 c:/program files/microchip/xc16/v2.10/bin/bin/../../lib\libc99-pic30-elf.a(dcompare.CH_o)
 .debug_aranges
                  0x000558         0x20 c:/program files/microchip/xc16/v2.10/bin/bin/../../lib\libc99-pic30-elf.a(dtype.CH_o)
 .debug_aranges
                  0x000578         0x20 c:/program files/microchip/xc16/v2.10/bin/bin/../../lib\libc99-pic30-elf.a(dunpack.CH_o)
 .debug_aranges
                  0x000598         0x20 c:/program files/microchip/xc16/v2.10/bin/bin/../../lib\libc99-pic30-elf.a(dunpack2.CH_o)
 .debug_aranges
                  0x0005b8         0x20 c:/program files/microchip/xc16/v2.10/bin/bin/../../lib\libc99-pic30-elf.a(dpropagateNaN.CH_o)
                    0x0000                  WREG0 = 0x0
                    0x0000                  _WREG0 = 0x0
                    0x0002                  WREG1 = 0x2
                    0x0002                  _WREG1 = 0x2
                    0x0004                  WREG2 = 0x4
                    0x0004                  _WREG2 = 0x4
                    0x0006                  WREG3 = 0x6
                    0x0006                  _WREG3 = 0x6
                    0x0008                  WREG4 = 0x8
                    0x0008                  _WREG4 = 0x8
                    0x000a                  WREG5 = 0xa
                    0x000a                  _WREG5 = 0xa
                    0x000c                  WREG6 = 0xc
                    0x000c                  _WREG6 = 0xc
                    0x000e                  WREG7 = 0xe
                    0x000e                  _WREG7 = 0xe
                    0x0010                  WREG8 = 0x10
                    0x0010                  _WREG8 = 0x10
                    0x0012                  WREG9 = 0x12
                    0x0012                  _WREG9 = 0x12
                    0x0014                  WREG10 = 0x14
                    0x0014                  _WREG10 = 0x14
                    0x0016                  WREG11 = 0x16
                    0x0016                  _WREG11 = 0x16
                    0x0018                  WREG12 = 0x18
                    0x0018                  _WREG12 = 0x18
                    0x001a                  WREG13 = 0x1a
                    0x001a                  _WREG13 = 0x1a
                    0x001c                  WREG14 = 0x1c
                    0x001c                  _WREG14 = 0x1c
                    0x001e                  WREG15 = 0x1e
                    0x001e                  _WREG15 = 0x1e
                    0x0020                  SPLIM = 0x20
                    0x0020                  _SPLIM = 0x20
                    0x0022                  ACCAL = 0x22
                    0x0022                  _ACCAL = 0x22
                    0x0024                  ACCAH = 0x24
                    0x0024                  _ACCAH = 0x24
                    0x0026                  ACCAU = 0x26
                    0x0026                  _ACCAU = 0x26
                    0x0028                  ACCBL = 0x28
                    0x0028                  _ACCBL = 0x28
                    0x002a                  ACCBH = 0x2a
                    0x002a                  _ACCBH = 0x2a
                    0x002c                  ACCBU = 0x2c
                    0x002c                  _ACCBU = 0x2c
                    0x002e                  PCL = 0x2e
                    0x002e                  _PCL = 0x2e
                    0x0030                  PCH = 0x30
                    0x0030                  _PCH = 0x30
                    0x0032                  DSRPAG = 0x32
                    0x0032                  _DSRPAG = 0x32
                    0x0032                  _DSRPAGbits = 0x32
                    0x0034                  DSWPAG = 0x34
                    0x0034                  _DSWPAG = 0x34
                    0x0034                  _DSWPAGbits = 0x34
                    0x0036                  RCOUNT = 0x36
                    0x0036                  _RCOUNT = 0x36
                    0x0038                  DCOUNT = 0x38
                    0x0038                  _DCOUNT = 0x38
                    0x003a                  DOSTARTL = 0x3a
                    0x003a                  _DOSTARTL = 0x3a
                    0x003c                  DOSTARTH = 0x3c
                    0x003c                  _DOSTARTH = 0x3c
                    0x003e                  DOENDL = 0x3e
                    0x003e                  _DOENDL = 0x3e
                    0x0040                  DOENDH = 0x40
                    0x0040                  _DOENDH = 0x40
                    0x0042                  SR = 0x42
                    0x0042                  _SR = 0x42
                    0x0042                  _SRbits = 0x42
                    0x0044                  CORCON = 0x44
                    0x0044                  _CORCON = 0x44
                    0x0044                  _CORCONbits = 0x44
                    0x0046                  MODCON = 0x46
                    0x0046                  _MODCON = 0x46
                    0x0046                  _MODCONbits = 0x46
                    0x0048                  XMODSRT = 0x48
                    0x0048                  _XMODSRT = 0x48
                    0x004a                  XMODEND = 0x4a
                    0x004a                  _XMODEND = 0x4a
                    0x004c                  YMODSRT = 0x4c
                    0x004c                  _YMODSRT = 0x4c
                    0x004e                  YMODEND = 0x4e
                    0x004e                  _YMODEND = 0x4e
                    0x0050                  XBREV = 0x50
                    0x0050                  _XBREV = 0x50
                    0x0050                  _XBREVbits = 0x50
                    0x0052                  DISICNT = 0x52
                    0x0052                  _DISICNT = 0x52
                    0x0054                  TBLPAG = 0x54
                    0x0054                  _TBLPAG = 0x54
                    0x0054                  _TBLPAGbits = 0x54
                    0x0056                  YPAG = 0x56
                    0x0056                  _YPAG = 0x56
                    0x0056                  _YPAGbits = 0x56
                    0x0058                  MSTRPR = 0x58
                    0x0058                  _MSTRPR = 0x58
                    0x0058                  _MSTRPRbits = 0x58
                    0x005a                  CTXTSTAT = 0x5a
                    0x005a                  _CTXTSTAT = 0x5a
                    0x005a                  _CTXTSTATbits = 0x5a
                    0x005c                  DMTCON = 0x5c
                    0x005c                  _DMTCON = 0x5c
                    0x005c                  _DMTCONbits = 0x5c
                    0x0060                  DMTPRECLR = 0x60
                    0x0060                  _DMTPRECLR = 0x60
                    0x0060                  _DMTPRECLRbits = 0x60
                    0x0064                  DMTCLR = 0x64
                    0x0064                  _DMTCLR = 0x64
                    0x0064                  _DMTCLRbits = 0x64
                    0x0068                  DMTSTAT = 0x68
                    0x0068                  _DMTSTAT = 0x68
                    0x0068                  _DMTSTATbits = 0x68
                    0x006c                  DMTCNTL = 0x6c
                    0x006c                  _DMTCNTL = 0x6c
                    0x006e                  DMTCNTH = 0x6e
                    0x006e                  _DMTCNTH = 0x6e
                    0x0070                  DMTHOLDREG = 0x70
                    0x0070                  _DMTHOLDREG = 0x70
                    0x0074                  DMTPSCNTL = 0x74
                    0x0074                  _DMTPSCNTL = 0x74
                    0x0076                  DMTPSCNTH = 0x76
                    0x0076                  _DMTPSCNTH = 0x76
                    0x0078                  DMTPSINTVL = 0x78
                    0x0078                  _DMTPSINTVL = 0x78
                    0x007a                  DMTPSINTVH = 0x7a
                    0x007a                  _DMTPSINTVH = 0x7a
                    0x0080                  SENT1CON1 = 0x80
                    0x0080                  _SENT1CON1 = 0x80
                    0x0080                  _SENT1CON1bits = 0x80
                    0x0084                  SENT1CON2 = 0x84
                    0x0084                  _SENT1CON2 = 0x84
                    0x0088                  SENT1CON3 = 0x88
                    0x0088                  _SENT1CON3 = 0x88
                    0x008c                  SENT1STAT = 0x8c
                    0x008c                  _SENT1STAT = 0x8c
                    0x008c                  _SENT1STATbits = 0x8c
                    0x0090                  SENT1SYNC = 0x90
                    0x0090                  _SENT1SYNC = 0x90
                    0x0094                  SENT1DATL = 0x94
                    0x0094                  _SENT1DATL = 0x94
                    0x0094                  _SENT1DATLbits = 0x94
                    0x0096                  SENT1DATH = 0x96
                    0x0096                  _SENT1DATH = 0x96
                    0x0096                  _SENT1DATHbits = 0x96
                    0x0098                  SENT2CON1 = 0x98
                    0x0098                  _SENT2CON1 = 0x98
                    0x0098                  _SENT2CON1bits = 0x98
                    0x009c                  SENT2CON2 = 0x9c
                    0x009c                  _SENT2CON2 = 0x9c
                    0x00a0                  SENT2CON3 = 0xa0
                    0x00a0                  _SENT2CON3 = 0xa0
                    0x00a4                  SENT2STAT = 0xa4
                    0x00a4                  _SENT2STAT = 0xa4
                    0x00a4                  _SENT2STATbits = 0xa4
                    0x00a8                  SENT2SYNC = 0xa8
                    0x00a8                  _SENT2SYNC = 0xa8
                    0x00ac                  SENT2DATL = 0xac
                    0x00ac                  _SENT2DATL = 0xac
                    0x00ac                  _SENT2DATLbits = 0xac
                    0x00ae                  SENT2DATH = 0xae
                    0x00ae                  _SENT2DATH = 0xae
                    0x00ae                  _SENT2DATHbits = 0xae
                    0x00b0                  CRCCON1 = 0xb0
                    0x00b0                  _CRCCON1 = 0xb0
                    0x00b0                  _CRCCON1bits = 0xb0
                    0x00b0                  CRCCONL = 0xb0
                    0x00b0                  _CRCCONL = 0xb0
                    0x00b0                  _CRCCONLbits = 0xb0
                    0x00b2                  CRCCON2 = 0xb2
                    0x00b2                  _CRCCON2 = 0xb2
                    0x00b2                  _CRCCON2bits = 0xb2
                    0x00b2                  CRCCONH = 0xb2
                    0x00b2                  _CRCCONH = 0xb2
                    0x00b2                  _CRCCONHbits = 0xb2
                    0x00b4                  CRCXORL = 0xb4
                    0x00b4                  _CRCXORL = 0xb4
                    0x00b4                  _CRCXORLbits = 0xb4
                    0x00b6                  CRCXORH = 0xb6
                    0x00b6                  _CRCXORH = 0xb6
                    0x00b6                  _CRCXORHbits = 0xb6
                    0x00b8                  CRCDATL = 0xb8
                    0x00b8                  _CRCDATL = 0xb8
                    0x00ba                  CRCDATH = 0xba
                    0x00ba                  _CRCDATH = 0xba
                    0x00bc                  CRCWDATL = 0xbc
                    0x00bc                  _CRCWDATL = 0xbc
                    0x00be                  CRCWDATH = 0xbe
                    0x00be                  _CRCWDATH = 0xbe
                    0x00c0                  CLC1CONL = 0xc0
                    0x00c0                  _CLC1CONL = 0xc0
                    0x00c0                  _CLC1CONLbits = 0xc0
                    0x00c2                  CLC1CONH = 0xc2
                    0x00c2                  _CLC1CONH = 0xc2
                    0x00c2                  _CLC1CONHbits = 0xc2
                    0x00c4                  CLC1SEL = 0xc4
                    0x00c4                  _CLC1SEL = 0xc4
                    0x00c4                  _CLC1SELbits = 0xc4
                    0x00c4                  CLC1SELL = 0xc4
                    0x00c4                  _CLC1SELL = 0xc4
                    0x00c4                  _CLC1SELLbits = 0xc4
                    0x00c8                  CLC1GLSL = 0xc8
                    0x00c8                  _CLC1GLSL = 0xc8
                    0x00c8                  _CLC1GLSLbits = 0xc8
                    0x00ca                  CLC1GLSH = 0xca
                    0x00ca                  _CLC1GLSH = 0xca
                    0x00ca                  _CLC1GLSHbits = 0xca
                    0x00cc                  CLC2CONL = 0xcc
                    0x00cc                  _CLC2CONL = 0xcc
                    0x00cc                  _CLC2CONLbits = 0xcc
                    0x00ce                  CLC2CONH = 0xce
                    0x00ce                  _CLC2CONH = 0xce
                    0x00ce                  _CLC2CONHbits = 0xce
                    0x00d0                  CLC2SEL = 0xd0
                    0x00d0                  _CLC2SEL = 0xd0
                    0x00d0                  _CLC2SELbits = 0xd0
                    0x00d0                  CLC2SELL = 0xd0
                    0x00d0                  _CLC2SELL = 0xd0
                    0x00d0                  _CLC2SELLbits = 0xd0
                    0x00d4                  CLC2GLSL = 0xd4
                    0x00d4                  _CLC2GLSL = 0xd4
                    0x00d4                  _CLC2GLSLbits = 0xd4
                    0x00d6                  CLC2GLSH = 0xd6
                    0x00d6                  _CLC2GLSH = 0xd6
                    0x00d6                  _CLC2GLSHbits = 0xd6
                    0x00d8                  CLC3CONL = 0xd8
                    0x00d8                  _CLC3CONL = 0xd8
                    0x00d8                  _CLC3CONLbits = 0xd8
                    0x00da                  CLC3CONH = 0xda
                    0x00da                  _CLC3CONH = 0xda
                    0x00da                  _CLC3CONHbits = 0xda
                    0x00dc                  CLC3SEL = 0xdc
                    0x00dc                  _CLC3SEL = 0xdc
                    0x00dc                  _CLC3SELbits = 0xdc
                    0x00dc                  CLC3SELL = 0xdc
                    0x00dc                  _CLC3SELL = 0xdc
                    0x00dc                  _CLC3SELLbits = 0xdc
                    0x00e0                  CLC3GLSL = 0xe0
                    0x00e0                  _CLC3GLSL = 0xe0
                    0x00e0                  _CLC3GLSLbits = 0xe0
                    0x00e2                  CLC3GLSH = 0xe2
                    0x00e2                  _CLC3GLSH = 0xe2
                    0x00e2                  _CLC3GLSHbits = 0xe2
                    0x00e4                  CLC4CONL = 0xe4
                    0x00e4                  _CLC4CONL = 0xe4
                    0x00e4                  _CLC4CONLbits = 0xe4
                    0x00e6                  CLC4CONH = 0xe6
                    0x00e6                  _CLC4CONH = 0xe6
                    0x00e6                  _CLC4CONHbits = 0xe6
                    0x00e8                  CLC4SEL = 0xe8
                    0x00e8                  _CLC4SEL = 0xe8
                    0x00e8                  _CLC4SELbits = 0xe8
                    0x00e8                  CLC4SELL = 0xe8
                    0x00e8                  _CLC4SELL = 0xe8
                    0x00e8                  _CLC4SELLbits = 0xe8
                    0x00ec                  CLC4GLSL = 0xec
                    0x00ec                  _CLC4GLSL = 0xec
                    0x00ec                  _CLC4GLSLbits = 0xec
                    0x00ee                  CLC4GLSH = 0xee
                    0x00ee                  _CLC4GLSH = 0xee
                    0x00ee                  _CLC4GLSHbits = 0xee
                    0x00f0                  ECCCONL = 0xf0
                    0x00f0                  _ECCCONL = 0xf0
                    0x00f0                  _ECCCONLbits = 0xf0
                    0x00f2                  ECCCONH = 0xf2
                    0x00f2                  _ECCCONH = 0xf2
                    0x00f2                  _ECCCONHbits = 0xf2
                    0x00f4                  ECCADDRL = 0xf4
                    0x00f4                  _ECCADDRL = 0xf4
                    0x00f6                  ECCADDRH = 0xf6
                    0x00f6                  _ECCADDRH = 0xf6
                    0x00f8                  ECCSTATL = 0xf8
                    0x00f8                  _ECCSTATL = 0xf8
                    0x00f8                  _ECCSTATLbits = 0xf8
                    0x00fa                  ECCSTATH = 0xfa
                    0x00fa                  _ECCSTATH = 0xfa
                    0x00fa                  _ECCSTATHbits = 0xfa
                    0x0100                  T1CON = 0x100
                    0x0100                  _T1CON = 0x100
                    0x0100                  _T1CONbits = 0x100
                    0x0104                  TMR1 = 0x104
                    0x0104                  _TMR1 = 0x104
                    0x0108                  PR1 = 0x108
                    0x0108                  _PR1 = 0x108
                    0x0140                  QEI1CON = 0x140
                    0x0140                  _QEI1CON = 0x140
                    0x0140                  _QEI1CONbits = 0x140
                    0x0144                  QEI1IOC = 0x144
                    0x0144                  _QEI1IOC = 0x144
                    0x0144                  _QEI1IOCbits = 0x144
                    0x0146                  QEI1IOCH = 0x146
                    0x0146                  _QEI1IOCH = 0x146
                    0x0146                  _QEI1IOCHbits = 0x146
                    0x0148                  QEI1STAT = 0x148
                    0x0148                  _QEI1STAT = 0x148
                    0x0148                  _QEI1STATbits = 0x148
                    0x014c                  POS1CNTL = 0x14c
                    0x014c                  _POS1CNTL = 0x14c
                    0x014e                  POS1CNTH = 0x14e
                    0x014e                  _POS1CNTH = 0x14e
                    0x0152                  POS1HLD = 0x152
                    0x0152                  _POS1HLD = 0x152
                    0x0154                  VEL1CNT = 0x154
                    0x0154                  _VEL1CNT = 0x154
                    0x0156                  VEL1CNTH = 0x156
                    0x0156                  _VEL1CNTH = 0x156
                    0x015a                  VEL1HLD = 0x15a
                    0x015a                  _VEL1HLD = 0x15a
                    0x015c                  INT1TMRL = 0x15c
                    0x015c                  _INT1TMRL = 0x15c
                    0x015e                  INT1TMRH = 0x15e
                    0x015e                  _INT1TMRH = 0x15e
                    0x0160                  INT1HLDL = 0x160
                    0x0160                  _INT1HLDL = 0x160
                    0x0162                  INT1HLDH = 0x162
                    0x0162                  _INT1HLDH = 0x162
                    0x0164                  INDX1CNTL = 0x164
                    0x0164                  _INDX1CNTL = 0x164
                    0x0166                  INDX1CNTH = 0x166
                    0x0166                  _INDX1CNTH = 0x166
                    0x016a                  INDX1HLD = 0x16a
                    0x016a                  _INDX1HLD = 0x16a
                    0x016c                  QEI1GECL = 0x16c
                    0x016c                  _QEI1GECL = 0x16c
                    0x016c                  QEI1ICL = 0x16c
                    0x016c                  _QEI1ICL = 0x16c
                    0x016e                  QEI1GECH = 0x16e
                    0x016e                  _QEI1GECH = 0x16e
                    0x016e                  QEI1ICH = 0x16e
                    0x016e                  _QEI1ICH = 0x16e
                    0x0170                  QEI1LECL = 0x170
                    0x0170                  _QEI1LECL = 0x170
                    0x0172                  QEI1LECH = 0x172
                    0x0172                  _QEI1LECH = 0x172
                    0x0174                  QEI2CON = 0x174
                    0x0174                  _QEI2CON = 0x174
                    0x0174                  _QEI2CONbits = 0x174
                    0x0178                  QEI2IOC = 0x178
                    0x0178                  _QEI2IOC = 0x178
                    0x0178                  _QEI2IOCbits = 0x178
                    0x017a                  QEI2IOCH = 0x17a
                    0x017a                  _QEI2IOCH = 0x17a
                    0x017a                  _QEI2IOCHbits = 0x17a
                    0x017c                  QEI2STAT = 0x17c
                    0x017c                  _QEI2STAT = 0x17c
                    0x017c                  _QEI2STATbits = 0x17c
                    0x0180                  POS2CNTL = 0x180
                    0x0180                  _POS2CNTL = 0x180
                    0x0182                  POS2CNTH = 0x182
                    0x0182                  _POS2CNTH = 0x182
                    0x0186                  POS2HLD = 0x186
                    0x0186                  _POS2HLD = 0x186
                    0x0188                  VEL2CNT = 0x188
                    0x0188                  _VEL2CNT = 0x188
                    0x018a                  VEL2CNTH = 0x18a
                    0x018a                  _VEL2CNTH = 0x18a
                    0x018e                  VEL2HLD = 0x18e
                    0x018e                  _VEL2HLD = 0x18e
                    0x0190                  INT2TMRL = 0x190
                    0x0190                  _INT2TMRL = 0x190
                    0x0192                  INT2TMRH = 0x192
                    0x0192                  _INT2TMRH = 0x192
                    0x0194                  INT2HLDL = 0x194
                    0x0194                  _INT2HLDL = 0x194
                    0x0196                  INT2HLDH = 0x196
                    0x0196                  _INT2HLDH = 0x196
                    0x0198                  INDX2CNTL = 0x198
                    0x0198                  _INDX2CNTL = 0x198
                    0x019a                  INDX2CNTH = 0x19a
                    0x019a                  _INDX2CNTH = 0x19a
                    0x019e                  INDX2HLD = 0x19e
                    0x019e                  _INDX2HLD = 0x19e
                    0x01a0                  QEI2GECL = 0x1a0
                    0x01a0                  _QEI2GECL = 0x1a0
                    0x01a0                  QEI2ICL = 0x1a0
                    0x01a0                  _QEI2ICL = 0x1a0
                    0x01a2                  QEI2GECH = 0x1a2
                    0x01a2                  _QEI2GECH = 0x1a2
                    0x01a2                  QEI2ICH = 0x1a2
                    0x01a2                  _QEI2ICH = 0x1a2
                    0x01a4                  QEI2LECL = 0x1a4
                    0x01a4                  _QEI2LECL = 0x1a4
                    0x01a6                  QEI2LECH = 0x1a6
                    0x01a6                  _QEI2LECH = 0x1a6
                    0x0200                  I2C1CON1 = 0x200
                    0x0200                  _I2C1CON1 = 0x200
                    0x0200                  _I2C1CON1bits = 0x200
                    0x0200                  I2C1CONL = 0x200
                    0x0200                  _I2C1CONL = 0x200
                    0x0200                  _I2C1CONLbits = 0x200
                    0x0202                  I2C1CON2 = 0x202
                    0x0202                  _I2C1CON2 = 0x202
                    0x0202                  _I2C1CON2bits = 0x202
                    0x0202                  I2C1CONH = 0x202
                    0x0202                  _I2C1CONH = 0x202
                    0x0202                  _I2C1CONHbits = 0x202
                    0x0204                  I2C1STAT = 0x204
                    0x0204                  _I2C1STAT = 0x204
                    0x0204                  _I2C1STATbits = 0x204
                    0x0208                  I2C1ADD = 0x208
                    0x0208                  _I2C1ADD = 0x208
                    0x0208                  _I2C1ADDbits = 0x208
                    0x020c                  I2C1MSK = 0x20c
                    0x020c                  _I2C1MSK = 0x20c
                    0x020c                  _I2C1MSKbits = 0x20c
                    0x0210                  I2C1BRG = 0x210
                    0x0210                  _I2C1BRG = 0x210
                    0x0214                  I2C1TRN = 0x214
                    0x0214                  _I2C1TRN = 0x214
                    0x0214                  _I2C1TRNbits = 0x214
                    0x0218                  I2C1RCV = 0x218
                    0x0218                  _I2C1RCV = 0x218
                    0x0218                  _I2C1RCVbits = 0x218
                    0x021c                  I2C2CON1 = 0x21c
                    0x021c                  _I2C2CON1 = 0x21c
                    0x021c                  _I2C2CON1bits = 0x21c
                    0x021c                  I2C2CONL = 0x21c
                    0x021c                  _I2C2CONL = 0x21c
                    0x021c                  _I2C2CONLbits = 0x21c
                    0x021e                  I2C2CON2 = 0x21e
                    0x021e                  _I2C2CON2 = 0x21e
                    0x021e                  _I2C2CON2bits = 0x21e
                    0x021e                  I2C2CONH = 0x21e
                    0x021e                  _I2C2CONH = 0x21e
                    0x021e                  _I2C2CONHbits = 0x21e
                    0x0220                  I2C2STAT = 0x220
                    0x0220                  _I2C2STAT = 0x220
                    0x0220                  _I2C2STATbits = 0x220
                    0x0224                  I2C2ADD = 0x224
                    0x0224                  _I2C2ADD = 0x224
                    0x0224                  _I2C2ADDbits = 0x224
                    0x0228                  I2C2MSK = 0x228
                    0x0228                  _I2C2MSK = 0x228
                    0x0228                  _I2C2MSKbits = 0x228
                    0x022c                  I2C2BRG = 0x22c
                    0x022c                  _I2C2BRG = 0x22c
                    0x0230                  I2C2TRN = 0x230
                    0x0230                  _I2C2TRN = 0x230
                    0x0230                  _I2C2TRNbits = 0x230
                    0x0234                  I2C2RCV = 0x234
                    0x0234                  _I2C2RCV = 0x234
                    0x0234                  _I2C2RCVbits = 0x234
                    0x0238                  U1MODE = 0x238
                    0x0238                  _U1MODE = 0x238
                    0x0238                  _U1MODEbits = 0x238
                    0x023a                  U1MODEH = 0x23a
                    0x023a                  _U1MODEH = 0x23a
                    0x023a                  _U1MODEHbits = 0x23a
                    0x023c                  U1STA = 0x23c
                    0x023c                  _U1STA = 0x23c
                    0x023c                  _U1STAbits = 0x23c
                    0x023e                  U1STAH = 0x23e
                    0x023e                  _U1STAH = 0x23e
                    0x023e                  _U1STAHbits = 0x23e
                    0x0240                  U1BRG = 0x240
                    0x0240                  _U1BRG = 0x240
                    0x0240                  _U1BRGbits = 0x240
                    0x0242                  U1BRGH = 0x242
                    0x0242                  _U1BRGH = 0x242
                    0x0242                  _U1BRGHbits = 0x242
                    0x0244                  U1RXREG = 0x244
                    0x0244                  _U1RXREG = 0x244
                    0x0244                  _U1RXREGbits = 0x244
                    0x0248                  U1TXREG = 0x248
                    0x0248                  _U1TXREG = 0x248
                    0x0248                  _U1TXREGbits = 0x248
                    0x024c                  U1P1 = 0x24c
                    0x024c                  _U1P1 = 0x24c
                    0x024c                  _U1P1bits = 0x24c
                    0x024e                  U1P2 = 0x24e
                    0x024e                  _U1P2 = 0x24e
                    0x024e                  _U1P2bits = 0x24e
                    0x0250                  U1P3 = 0x250
                    0x0250                  _U1P3 = 0x250
                    0x0250                  _U1P3bits = 0x250
                    0x0252                  U1P3H = 0x252
                    0x0252                  _U1P3H = 0x252
                    0x0252                  _U1P3Hbits = 0x252
                    0x0254                  U1TXCHK = 0x254
                    0x0254                  _U1TXCHK = 0x254
                    0x0254                  _U1TXCHKbits = 0x254
                    0x0256                  U1RXCHK = 0x256
                    0x0256                  _U1RXCHK = 0x256
                    0x0256                  _U1RXCHKbits = 0x256
                    0x0258                  U1SCCON = 0x258
                    0x0258                  _U1SCCON = 0x258
                    0x0258                  _U1SCCONbits = 0x258
                    0x025a                  U1SCINT = 0x25a
                    0x025a                  _U1SCINT = 0x25a
                    0x025a                  _U1SCINTbits = 0x25a
                    0x025c                  U1INT = 0x25c
                    0x025c                  _U1INT = 0x25c
                    0x025c                  _U1INTbits = 0x25c
                    0x0260                  U2MODE = 0x260
                    0x0260                  _U2MODE = 0x260
                    0x0260                  _U2MODEbits = 0x260
                    0x0262                  U2MODEH = 0x262
                    0x0262                  _U2MODEH = 0x262
                    0x0262                  _U2MODEHbits = 0x262
                    0x0264                  U2STA = 0x264
                    0x0264                  _U2STA = 0x264
                    0x0264                  _U2STAbits = 0x264
                    0x0266                  U2STAH = 0x266
                    0x0266                  _U2STAH = 0x266
                    0x0266                  _U2STAHbits = 0x266
                    0x0268                  U2BRG = 0x268
                    0x0268                  _U2BRG = 0x268
                    0x0268                  _U2BRGbits = 0x268
                    0x026a                  U2BRGH = 0x26a
                    0x026a                  _U2BRGH = 0x26a
                    0x026a                  _U2BRGHbits = 0x26a
                    0x026c                  U2RXREG = 0x26c
                    0x026c                  _U2RXREG = 0x26c
                    0x026c                  _U2RXREGbits = 0x26c
                    0x0270                  U2TXREG = 0x270
                    0x0270                  _U2TXREG = 0x270
                    0x0270                  _U2TXREGbits = 0x270
                    0x0274                  U2P1 = 0x274
                    0x0274                  _U2P1 = 0x274
                    0x0274                  _U2P1bits = 0x274
                    0x0276                  U2P2 = 0x276
                    0x0276                  _U2P2 = 0x276
                    0x0276                  _U2P2bits = 0x276
                    0x0278                  U2P3 = 0x278
                    0x0278                  _U2P3 = 0x278
                    0x0278                  _U2P3bits = 0x278
                    0x027a                  U2P3H = 0x27a
                    0x027a                  _U2P3H = 0x27a
                    0x027a                  _U2P3Hbits = 0x27a
                    0x027c                  U2TXCHK = 0x27c
                    0x027c                  _U2TXCHK = 0x27c
                    0x027c                  _U2TXCHKbits = 0x27c
                    0x027e                  U2RXCHK = 0x27e
                    0x027e                  _U2RXCHK = 0x27e
                    0x027e                  _U2RXCHKbits = 0x27e
                    0x0280                  U2SCCON = 0x280
                    0x0280                  _U2SCCON = 0x280
                    0x0280                  _U2SCCONbits = 0x280
                    0x0282                  U2SCINT = 0x282
                    0x0282                  _U2SCINT = 0x282
                    0x0282                  _U2SCINTbits = 0x282
                    0x0284                  U2INT = 0x284
                    0x0284                  _U2INT = 0x284
                    0x0284                  _U2INTbits = 0x284
                    0x02ac                  SPI1CON1 = 0x2ac
                    0x02ac                  _SPI1CON1 = 0x2ac
                    0x02ac                  _SPI1CON1bits = 0x2ac
                    0x02ac                  SPI1CON1L = 0x2ac
                    0x02ac                  _SPI1CON1L = 0x2ac
                    0x02ac                  _SPI1CON1Lbits = 0x2ac
                    0x02ae                  SPI1CON1H = 0x2ae
                    0x02ae                  _SPI1CON1H = 0x2ae
                    0x02ae                  _SPI1CON1Hbits = 0x2ae
                    0x02ae                  SPI1CON2 = 0x2ae
                    0x02ae                  _SPI1CON2 = 0x2ae
                    0x02ae                  _SPI1CON2bits = 0x2ae
                    0x02b0                  SPI1CON2L = 0x2b0
                    0x02b0                  _SPI1CON2L = 0x2b0
                    0x02b0                  _SPI1CON2Lbits = 0x2b0
                    0x02b0                  SPI1CON3 = 0x2b0
                    0x02b0                  _SPI1CON3 = 0x2b0
                    0x02b0                  _SPI1CON3bits = 0x2b0
                    0x02b2                  SPI1CON2H = 0x2b2
                    0x02b2                  _SPI1CON2H = 0x2b2
                    0x02b2                  SPI1CON4 = 0x2b2
                    0x02b2                  _SPI1CON4 = 0x2b2
                    0x02b4                  SPI1STATL = 0x2b4
                    0x02b4                  _SPI1STATL = 0x2b4
                    0x02b4                  _SPI1STATLbits = 0x2b4
                    0x02b6                  SPI1STATH = 0x2b6
                    0x02b6                  _SPI1STATH = 0x2b6
                    0x02b6                  _SPI1STATHbits = 0x2b6
                    0x02b8                  SPI1BUFL = 0x2b8
                    0x02b8                  _SPI1BUFL = 0x2b8
                    0x02b8                  _SPI1BUFLbits = 0x2b8
                    0x02ba                  SPI1BUFH = 0x2ba
                    0x02ba                  _SPI1BUFH = 0x2ba
                    0x02ba                  _SPI1BUFHbits = 0x2ba
                    0x02bc                  SPI1BRGL = 0x2bc
                    0x02bc                  _SPI1BRGL = 0x2bc
                    0x02bc                  _SPI1BRGLbits = 0x2bc
                    0x02be                  SPI1BRGH = 0x2be
                    0x02be                  _SPI1BRGH = 0x2be
                    0x02c0                  SPI1IMSK1 = 0x2c0
                    0x02c0                  _SPI1IMSK1 = 0x2c0
                    0x02c0                  _SPI1IMSK1bits = 0x2c0
                    0x02c0                  SPI1IMSKL = 0x2c0
                    0x02c0                  _SPI1IMSKL = 0x2c0
                    0x02c0                  _SPI1IMSKLbits = 0x2c0
                    0x02c2                  SPI1IMSK2 = 0x2c2
                    0x02c2                  _SPI1IMSK2 = 0x2c2
                    0x02c2                  _SPI1IMSK2bits = 0x2c2
                    0x02c2                  SPI1IMSKH = 0x2c2