Microchip MPLAB XC8 Compiler V3.00

Linker command line:

-W-3 \
  --edf=C:\Program Files\Microchip\xc8\v3.00\pic\dat\20241204225717_en.msgs \
  -cn -h+dist/PICkit3/production\strobe_pic.production.sym \
  --cmf=dist/PICkit3/production\strobe_pic.production.cmf -z -Q16F18856 \
  -oC:\Users\ppadi\AppData\Local\Temp\xcAsimk.\driver_tmp_3.o \
  --defsym=__MPLAB_BUILD=1 --fixupoverflow=error \
  -Mdist/PICkit3/production/strobe_pic.production.map \
  --md=C:\Users\ppadi\AppData\Local\Temp\xcAsimk.\driver_tmp_0.dat -E1 \
  -ver=XC8 Compiler -ACODE=00h-07FFhx8 -ASTRCODE=00h-03FFFh \
  -ASTRING=00h-0FFhx64 -ACONST=00h-0FFhx64 -AENTRY=00h-0FFhx64 \
  -ACOMMON=070h-07Fh -ABANK0=020h-06Fh -ABANK1=0A0h-0EFh \
  -ABANK2=0120h-016Fh -ABANK3=01A0h-01EFh -ABANK4=0220h-026Fh \
  -ABANK5=02A0h-02EFh -ABANK6=0320h-036Fh -ABANK7=03A0h-03EFh \
  -ABANK8=0420h-046Fh -ABANK9=04A0h-04EFh -ABANK10=0520h-056Fh \
  -ABANK11=05A0h-05EFh -ABANK12=0620h-066Fh -ABANK13=06A0h-06EFh \
  -ABANK14=0720h-076Fh -ABANK15=07A0h-07EFh -ABANK16=0820h-086Fh \
  -ABANK17=08A0h-08EFh -ABANK18=0920h-096Fh -ABANK19=09A0h-09EFh \
  -ABANK20=0A20h-0A6Fh -ABANK21=0AA0h-0AEFh -ABANK22=0B20h-0B6Fh \
  -ABANK23=0BA0h-0BEFh -ABANK24=0C20h-0C6Fh -ABANK25=0CA0h-0CBFh \
  -ABIGRAM=02000h-027EFh \
  -ARAM=020h-06Fh,0A0h-0EFh,0120h-016Fh,01A0h-01EFh,0220h-026Fh,02A0h-02EFh,0320h-036Fh,03A0h-03EFh,0420h-046Fh,04A0h-04EFh,0520h-056Fh,05A0h-05EFh,0620h-066Fh,06A0h-06EFh,0720h-076Fh,07A0h-07EFh,0820h-086Fh,08A0h-08EFh,0920h-096Fh,09A0h-09EFh,0A20h-0A6Fh,0AA0h-0AEFh,0B20h-0B6Fh,0BA0h-0BEFh,0C20h-0C6Fh,0CA0h-0CBFh \
  -AABS1=020h-07Fh,0A0h-0EFh,0120h-016Fh,01A0h-01EFh,0220h-026Fh,02A0h-02EFh,0320h-036Fh,03A0h-03EFh,0420h-046Fh,04A0h-04EFh,0520h-056Fh,05A0h-05EFh,0620h-066Fh,06A0h-06EFh,0720h-076Fh,07A0h-07EFh,0820h-086Fh,08A0h-08EFh,0920h-096Fh,09A0h-09EFh,0A20h-0A6Fh,0AA0h-0AEFh,0B20h-0B6Fh,0BA0h-0BEFh,0C20h-0C6Fh,0CA0h-0CBFh \
  -ASFR0=00h-01Fh -ASFR1=080h-09Fh -ASFR2=0100h-011Fh -ASFR3=0180h-019Fh \
  -ASFR4=0200h-021Fh -ASFR5=0280h-029Fh -ASFR6=0300h-031Fh \
  -ASFR7=0380h-039Fh -ASFR8=0400h-041Fh -ASFR9=0480h-049Fh \
  -ASFR10=0500h-051Fh -ASFR11=0580h-059Fh -ASFR12=0600h-061Fh \
  -ASFR13=0680h-069Fh -ASFR14=0700h-071Fh -ASFR15=0780h-079Fh \
  -ASFR16=0800h-081Fh -ASFR17=0880h-089Fh -ASFR18=0900h-091Fh \
  -ASFR19=0980h-099Fh -ASFR20=0A00h-0A1Fh -ASFR21=0A80h-0A9Fh \
  -ASFR22=0B00h-0B1Fh -ASFR23=0B80h-0B9Fh -ASFR24=0C00h-0C1Fh \
  -ASFR25=0C80h-0C9Fh -ASFR26=0D00h-0D6Fh -ASFR27=0D80h-0DEFh \
  -ASFR28=0E00h-0E6Fh -ASFR29=0E80h-0EEFh -ASFR30=0F00h-0F6Fh \
  -ASFR31=0F80h-0FEFh -ACONFIG=08007h-0800Bh -DCONFIG=2 \
  -AIDLOC=08000h-08003h -DIDLOC=2 -AEEDATA=00h-0FFh/0F000h \
  -peeprom_data=EEDATA -DEEDATA=2 -DCODE=2 -DSTRCODE=2 -DSTRING=2 -DCONST=2 \
  -DENTRY=2 -preset_vec=00h,intentry=04h,sivt,init,end_init -ppowerup=CODE \
  -pcinit=CODE -pfunctab=ENTRY -k \
  C:\Users\ppadi\AppData\Local\Temp\xcAsimk.\driver_tmp_15.o \
  dist/PICkit3/production\strobe_pic.production.o 

Object code version is 3.11

Machine type is 16F18856



                Name                               Link     Load   Length Selector   Space Scale
C:\Users\ppadi\AppData\Local\Temp\xcAsimk.\driver_tmp_15.o
                end_init                             25       25        2        8       0
                reset_vec                             0        0        2        0       0
                config                             8007     8007        5        0       4
dist/PICkit3/production\strobe_pic.production.o
                cinit                                27       27       20        8       0
                intentry                              4        4       21        8       0
                config                             8007     8007        5        0       4
                text35                              FB0      FB0        1     1F60       0
                text34                              66F      66F       35        8       0
                text33                                2        2        2        0       0
                text32                              7F4      7F4        C        8       0
                text30                              79A      79A       14        8       0
                text29                              786      786       14        8       0
                text28                              772      772       14        8       0
                text27                              FD4      FD4        9     1FA8       0
                text26                              5C4      5C4       3D        8       0
                text25                              FC4      FC4        8     1F88       0
                text24                              FB8      FB8        6     1F70       0
                text23                              7C1      7C1       12        8       0
                text22                              75D      75D       15        8       0
                text21                              FF1      FF1        F     1FE2       0
                text20                              7E4      7E4       10        8       0
                text19                              6F6      6F6       1F        8       0
                text18                              715      715       1A        8       0
                text17                              FB1      FB1        3     1F62       0
                text16                              7D3      7D3       11        8       0
                text15                              FDD      FDD        9     1FBA       0
                text14                              FE6      FE6        B     1FCC       0
                text13                              56B      56B       59        8       0
                text12                              639      639       36        8       0
                text11                              748      748       15        8       0
                text10                               47       47      1F4        8       0
                text9                               4D3      4D3       98        8       0
                text8                               7AE      7AE       13        8       0
                text7                               FCC      FCC        8     1F98       0
                text6                               6D4      6D4       22        8       0
                text5                               72F      72F       19        8       0
                text4                               FB4      FB4        4     1F68       0
                text3                               23B      23B      194        8       0
                text2                               6A4      6A4       30        8       0
                text1                               601      601       38        8       0
                maintext                            3CF      3CF      104        8       0
                cstackBANK0                          20       20       4E       20       1
                cstackCOMMON                         70       70        C       70       1
                cstackBANK1                          D2       D2        B       A0       1
                clrtext                             FBE      FBE        6     1F7C       0
                bssBANK3                            1A0      1A0       21      1A0       1
                bssBANK2                            120      120       40      120       1
                bssBANK1                             A0       A0       32       A0       1
                bssBANK0                             6E       6E        2       20       1
                bssCOMMON                            7C       7C        1       70       1
                nvBANK1                              DD       DD        2       A0       1

TOTAL           Name                               Link     Load   Length     Space
        CLASS   CODE           
                end_init                             25       25        2         0
                cinit                                27       27       20         0
                intentry                              4        4       21         0
                reset_vec                             0        0        2         0
                text35                              FB0      FB0        1         0
                text34                              66F      66F       35         0
                text33                                2        2        2         0
                text32                              7F4      7F4        C         0
                text30                              79A      79A       14         0
                text29                              786      786       14         0
                text28                              772      772       14         0
                text27                              FD4      FD4        9         0
                text26                              5C4      5C4       3D         0
                text25                              FC4      FC4        8         0
                text24                              FB8      FB8        6         0
                text23                              7C1      7C1       12         0
                text22                              75D      75D       15         0
                text21                              FF1      FF1        F         0
                text20                              7E4      7E4       10         0
                text19                              6F6      6F6       1F         0
                text18                              715      715       1A         0
                text17                              FB1      FB1        3         0
                text16                              7D3      7D3       11         0
                text15                              FDD      FDD        9         0
                text14                              FE6      FE6        B         0
                text13                              56B      56B       59         0
                text12                              639      639       36         0
                text11                              748      748       15         0
                text10                               47       47      1F4         0
                text9                               4D3      4D3       98         0
                text8                               7AE      7AE       13         0
                text7                               FCC      FCC        8         0
                text6                               6D4      6D4       22         0
                text5                               72F      72F       19         0
                text4                               FB4      FB4        4         0
                text3                               23B      23B      194         0
                text2                               6A4      6A4       30         0
                text1                               601      601       38         0
                maintext                            3CF      3CF      104         0
                clrtext                             FBE      FBE        6         0

        CLASS   STRCODE        

        CLASS   STRING         

        CLASS   CONST          

        CLASS   ENTRY          

        CLASS   COMMON         
                cstackCOMMON                         70       70        C         1
                bssCOMMON                            7C       7C        1         1

        CLASS   BANK0          
                cstackBANK0                          20       20       4E         1
                bssBANK0                             6E       6E        2         1

        CLASS   BANK1          
                cstackBANK1                          D2       D2        B         1
                bssBANK1                             A0       A0       32         1
                nvBANK1                              DD       DD        2         1

        CLASS   BANK2          
                bssBANK2                            120      120       40         1

        CLASS   BANK3          
                bssBANK3                            1A0      1A0       21         1

        CLASS   BANK4          

        CLASS   BANK5          

        CLASS   BANK6          

        CLASS   BANK7          

        CLASS   BANK8          

        CLASS   BANK9          

        CLASS   BANK10         

        CLASS   BANK11         

        CLASS   BANK12         

        CLASS   BANK13         

        CLASS   BANK14         

        CLASS   BANK15         

        CLASS   BANK16         

        CLASS   BANK17         

        CLASS   BANK18         

        CLASS   BANK19         

        CLASS   BANK20         

        CLASS   BANK21         

        CLASS   BANK22         

        CLASS   BANK23         

        CLASS   BANK24         

        CLASS   BANK25         

        CLASS   BIGRAM         

        CLASS   RAM            

        CLASS   ABS1           
                abs_s1                               7E       7E        2         1

        CLASS   SFR0           

        CLASS   SFR1           

        CLASS   SFR2           

        CLASS   SFR3           

        CLASS   SFR4           

        CLASS   SFR5           

        CLASS   SFR6           

        CLASS   SFR7           

        CLASS   SFR8           

        CLASS   SFR9           

        CLASS   SFR10          

        CLASS   SFR11          

        CLASS   SFR12          

        CLASS   SFR13          

        CLASS   SFR14          

        CLASS   SFR15          

        CLASS   SFR16          

        CLASS   SFR17          

        CLASS   SFR18          

        CLASS   SFR19          

        CLASS   SFR20          

        CLASS   SFR21          

        CLASS   SFR22          

        CLASS   SFR23          

        CLASS   SFR24          

        CLASS   SFR25          

        CLASS   SFR26          

        CLASS   SFR27          

        CLASS   SFR28          

        CLASS   SFR29          

        CLASS   SFR30          

        CLASS   SFR31          

        CLASS   CONFIG         
                config                             8007     8007        5         4

        CLASS   IDLOC          

        CLASS   EEDATA         

        CLASS   BANK31         

        CLASS   BANK30         

        CLASS   BANK29         

        CLASS   BANK28         

        CLASS   BANK27         

        CLASS   BANK26         

        CLASS   HEAP           

        CLASS   STACK          



SEGMENTS        Name                           Load    Length   Top    Selector   Space  Class     Delta

                reset_vec                      000000  000004  000004         0       0  CODE        2
                intentry                       000004  0007FC  000800         8       0  CODE        2
                cstackBANK0                    000020  000050  000070        20       1  BANK0       1
                cstackCOMMON                   000070  00000D  00007D        70       1  COMMON      1
                bssBANK1                       0000A0  00003F  0000DF        A0       1  BANK1       1
                bssBANK2                       000120  000040  000160       120       1  BANK2       1
                bssBANK3                       0001A0  000021  0001C1       1A0       1  BANK3       1
                text35                         000FB0  000001  000FB1      1F60       0  CODE        2
                text17                         000FB1  000003  000FB4      1F62       0  CODE        2
                text4                          000FB4  000004  000FB8      1F68       0  CODE        2
                text24                         000FB8  000006  000FBE      1F70       0  CODE        2
                clrtext                        000FBE  000006  000FC4      1F7C       0  CODE        2
                text25                         000FC4  000008  000FCC      1F88       0  CODE        2
                text7                          000FCC  000008  000FD4      1F98       0  CODE        2
                text27                         000FD4  000009  000FDD      1FA8       0  CODE        2
                text15                         000FDD  000009  000FE6      1FBA       0  CODE        2
                text14                         000FE6  00000B  000FF1      1FCC       0  CODE        2
                text21                         000FF1  00000F  001000      1FE2       0  CODE        2


UNUSED ADDRESS RANGES

        Name                Unused          Largest block    Delta
        BANK1            000DF-000EF              11           1
        BANK10           00520-0056F              50           1
        BANK11           005A0-005EF              50           1
        BANK12           00620-0066F              50           1
        BANK13           006A0-006EF              50           1
        BANK14           00720-0076F              50           1
        BANK15           007A0-007EF              50           1
        BANK16           00820-0086F              50           1
        BANK17           008A0-008EF              50           1
        BANK18           00920-0096F              50           1
        BANK19           009A0-009EF              50           1
        BANK2            00160-0016F              10           1
        BANK20           00A20-00A6F              50           1
        BANK21           00AA0-00AEF              50           1
        BANK22           00B20-00B6F              50           1
        BANK23           00BA0-00BEF              50           1
        BANK24           00C20-00C6F              50           1
        BANK25           00CA0-00CBF              20           1
        BANK3            001C1-001EF              2F           1
        BANK4            00220-0026F              50           1
        BANK5            002A0-002EF              50           1
        BANK6            00320-0036F              50           1
        BANK7            003A0-003EF              50           1
        BANK8            00420-0046F              50           1
        BANK9            004A0-004EF              50           1
        BIGRAM           02000-027EF             7F0           1
        CODE             00800-00FAF             7B0           2
                         01000-03FFF             800
        COMMON           0007D-0007D               1           1
        CONST            00800-00FAF             100           2
                         01000-03FFF             100
        EEDATA           0F000-0F0FF             100           2
        ENTRY            00800-00FAF             100           2
                         01000-03FFF             100
        IDLOC            08000-08003               4           2
        RAM              000DF-000EF              11           1
                         00160-0016F              10
                         001C1-001EF              2F
                         00220-0026F              50
                         002A0-002EF              50
                         00320-0036F              50
                         003A0-003EF              50
                         00420-0046F              50
                         004A0-004EF              50
                         00520-0056F              50
                         005A0-005EF              50
                         00620-0066F              50
                         006A0-006EF              50
                         00720-0076F              50
                         007A0-007EF              50
                         00820-0086F              50
                         008A0-008EF              50
                         00920-0096F              50
                         009A0-009EF              50
                         00A20-00A6F              50
                         00AA0-00AEF              50
                         00B20-00B6F              50
                         00BA0-00BEF              50
                         00C20-00C6F              50
                         00CA0-00CBF              20
        SFR0             00000-0001F              20           1
        SFR1             00080-0009F              20           1
        SFR10            00500-0051F              20           1
        SFR11            00580-0059F              20           1
        SFR12            00600-0061F              20           1
        SFR13            00680-0069F              20           1
        SFR14            00700-0071F              20           1
        SFR15            00780-0079F              20           1
        SFR16            00800-0081F              20           1
        SFR17            00880-0089F              20           1
        SFR18            00900-0091F              20           1
        SFR19            00980-0099F              20           1
        SFR2             00100-0011F              20           1
        SFR20            00A00-00A1F              20           1
        SFR21            00A80-00A9F              20           1
        SFR22            00B00-00B1F              20           1
        SFR23            00B80-00B9F              20           1
        SFR24            00C00-00C1F              20           1
        SFR25            00C80-00C9F              20           1
        SFR26            00D00-00D6F              70           1
        SFR27            00D80-00DEF              70           1
        SFR28            00E00-00E6F              70           1
        SFR29            00E80-00EEF              70           1
        SFR3             00180-0019F              20           1
        SFR30            00F00-00F6F              70           1
        SFR31            00F80-00FEF              70           1
        SFR4             00200-0021F              20           1
        SFR5             00280-0029F              20           1
        SFR6             00300-0031F              20           1
        SFR7             00380-0039F              20           1
        SFR8             00400-0041F              20           1
        SFR9             00480-0049F              20           1
        STRCODE          00800-00FAF             7B0           2
                         01000-03FFF            3000
        STRING           00800-00FAF             100           2
                         01000-03FFF             100

                                  Symbol Table

?_TMR1_ReadTimer                          cstackCOMMON 00071
?___lldiv                                 cstackBANK0  00024
?___lmul                                  cstackCOMMON 00071
?_find_scalers_time                       cstackBANK0  00031
?_labs                                    cstackCOMMON 00071
SPI1_DefaultExchangeHandler@byte          cstackCOMMON 00070
SPI1_setExchangeHandler@InterruptHandler  cstackCOMMON 00071
TMR1_ReadTimer@readVal                    cstackCOMMON 00078
TMR1_ReadTimer@readValHigh                cstackCOMMON 0007A
TMR1_ReadTimer@readValLow                 cstackCOMMON 0007B
TMR1_WriteTimer@timerVal                  cstackCOMMON 00071
_ANSELA                                   (abs)        00F38
_ANSELB                                   (abs)        00F43
_ANSELC                                   (abs)        00F4E
_CLC1CON                                  (abs)        00E10
_CLC1CONbits                              (abs)        00E10
_CLC1GLS0                                 (abs)        00E16
_CLC1GLS1                                 (abs)        00E17
_CLC1GLS2                                 (abs)        00E18
_CLC1GLS3                                 (abs)        00E19
_CLC1POL                                  (abs)        00E11
_CLC1SEL0                                 (abs)        00E12
_CLC1SEL1                                 (abs)        00E13
_CLC1SEL2                                 (abs)        00E14
_CLC1SEL3                                 (abs)        00E15
_CLC1_Initialize                          text30       0079A
_CLC2CON                                  (abs)        00E1A
_CLC2CONbits                              (abs)        00E1A
_CLC2GLS0                                 (abs)        00E20
_CLC2GLS1                                 (abs)        00E21
_CLC2GLS2                                 (abs)        00E22
_CLC2GLS3                                 (abs)        00E23
_CLC2POL                                  (abs)        00E1B
_CLC2SEL0                                 (abs)        00E1C
_CLC2SEL1                                 (abs)        00E1D
_CLC2SEL2                                 (abs)        00E1E
_CLC2SEL3                                 (abs)        00E1F
_CLC2_Initialize                          text29       00786
_CLC3CON                                  (abs)        00E24
_CLC3CONbits                              (abs)        00E24
_CLC3GLS0                                 (abs)        00E2A
_CLC3GLS1                                 (abs)        00E2B
_CLC3GLS2                                 (abs)        00E2C
_CLC3GLS3                                 (abs)        00E2D
_CLC3POL                                  (abs)        00E25
_CLC3SEL0                                 (abs)        00E26
_CLC3SEL1                                 (abs)        00E27
_CLC3SEL2                                 (abs)        00E28
_CLC3SEL3                                 (abs)        00E29
_CLC3_Initialize                          text28       00772
_INLVLA                                   (abs)        00F3C
_INLVLB                                   (abs)        00F47
_INLVLC                                   (abs)        00F52
_INLVLE                                   (abs)        00F68
_INTCONbits                               (abs)        0000B
_INTERRUPT_InterruptManager               intentry     00004
_LATA                                     (abs)        00016
_LATB                                     (abs)        00017
_LATC                                     (abs)        00018
_LC3G3POL                                 (abs)        0712A
_ODCONA                                   (abs)        00F3A
_ODCONB                                   (abs)        00F45
_ODCONC                                   (abs)        00F50
_OSCCON1                                  (abs)        0088D
_OSCCON3                                  (abs)        0088F
_OSCEN                                    (abs)        00891
_OSCFRQ                                   (abs)        00893
_OSCILLATOR_Initialize                    text27       00FD4
_OSCTUNE                                  (abs)        00892
_PIE0bits                                 (abs)        00716
_PIE3bits                                 (abs)        00719
_PIN_MANAGER_IOC                          text35       00FB0
_PIN_MANAGER_Initialize                   text26       005C4
_PIR0bits                                 (abs)        0070C
_PIR3bits                                 (abs)        0070F
_PIR4bits                                 (abs)        00710
_PMD0                                     (abs)        00796
_PMD1                                     (abs)        00797
_PMD2                                     (abs)        00798
_PMD3                                     (abs)        00799
_PMD4                                     (abs)        0079A
_PMD5                                     (abs)        0079B
_PMD_Initialize                           text25       00FC4
_PR2                                      (abs)        0028D
_PR4                                      (abs)        00293
_RB0PPS                                   (abs)        00F18
_RC7PPS                                   (abs)        00F27
_SLRCONA                                  (abs)        00F3B
_SLRCONB                                  (abs)        00F46
_SLRCONC                                  (abs)        00F51
_SPI1_DefaultExchangeHandler              text33       00002
_SPI1_ISR                                 text32       007F4
_SPI1_Initialize                          text23       007C1
_SPI1_setExchangeHandler                  text24       00FB8
_SPI1_xchgHandler                         nvBANK1      000DD
_SSP1BUF                                  (abs)        0018C
_SSP1CLKPPS                               (abs)        00EC5
_SSP1CON1                                 (abs)        00190
_SSP1CON1bits                             (abs)        00190
_SSP1CON3                                 (abs)        00192
_SSP1DATPPS                               (abs)        00EC6
_SSP1SSPPS                                (abs)        00EC7
_SSP1STAT                                 (abs)        0018F
_SYSTEM_Initialize                        text19       006F6
_T1CLK                                    (abs)        00211
_T1CON                                    (abs)        0020E
_T1CONbits                                (abs)        0020E
_T1GATE                                   (abs)        00210
_T1GCON                                   (abs)        0020F
_T1GCONbits                               (abs)        0020F
_T1GPPS                                   (abs)        00E93
_T2AINPPS                                 (abs)        00E9C
_T2CLKCON                                 (abs)        00290
_T2CON                                    (abs)        0028E
_T2CONbits                                (abs)        0028E
_T2HLT                                    (abs)        0028F
_T2HLTbits                                (abs)        0028F
_T2PR                                     (abs)        0028D
_T2RST                                    (abs)        00291
_T2RSTbits                                (abs)        00291
_T2TMR                                    (abs)        0028C
_T4CLKCON                                 (abs)        00296
_T4CON                                    (abs)        00294
_T4CONbits                                (abs)        00294
_T4HLT                                    (abs)        00295
_T4HLTbits                                (abs)        00295
_T4PR                                     (abs)        00293
_T4RST                                    (abs)        00297
_T4RSTbits                                (abs)        00297
_T4TMR                                    (abs)        00292
_TMR1H                                    (abs)        0020D
_TMR1L                                    (abs)        0020C
_TMR1_Initialize                          text22       0075D
_TMR1_ReadTimer                           text18       00715
_TMR1_StartSinglePulseAcquisition         text17       00FB1
_TMR1_WriteTimer                          text16       007D3
_TMR2                                     (abs)        0028C
_TMR2_Initialize                          text21       00FF1
_TMR4                                     (abs)        00292
_TMR4_Initialize                          text20       007E4
_TRISA                                    (abs)        00011
_TRISB                                    (abs)        00012
_TRISC                                    (abs)        00013
_WPUA                                     (abs)        00F39
_WPUB                                     (abs)        00F44
_WPUC                                     (abs)        00F4F
_WPUE                                     (abs)        00F65
__H__absolute__                           __absolute__ 00000
__Habs1                                   abs1         00000
__Hbank0                                  bank0        00000
__Hbank1                                  bank1        00000
__Hbank10                                 bank10       00000
__Hbank11                                 bank11       00000
__Hbank12                                 bank12       00000
__Hbank13                                 bank13       00000
__Hbank14                                 bank14       00000
__Hbank15                                 bank15       00000
__Hbank16                                 bank16       00000
__Hbank17                                 bank17       00000
__Hbank18                                 bank18       00000
__Hbank19                                 bank19       00000
__Hbank2                                  bank2        00000
__Hbank20                                 bank20       00000
__Hbank21                                 bank21       00000
__Hbank22                                 bank22       00000
__Hbank23                                 bank23       00000
__Hbank24                                 bank24       00000
__Hbank25                                 bank25       00000
__Hbank26                                 bank26       00000
__Hbank27                                 bank27       00000
__Hbank28                                 bank28       00000
__Hbank29                                 bank29       00000
__Hbank3                                  bank3        00000
__Hbank30                                 bank30       00000
__Hbank31                                 bank31       00000
__Hbank4                                  bank4        00000
__Hbank5                                  bank5        00000
__Hbank6                                  bank6        00000
__Hbank7                                  bank7        00000
__Hbank8                                  bank8        00000
__Hbank9                                  bank9        00000
__Hbigram                                 bigram       00000
__HbssBANK0                               bssBANK0     00000
__HbssBANK1                               bssBANK1     00000
__HbssBANK2                               bssBANK2     00000
__HbssBANK3                               bssBANK3     00000
__HbssCOMMON                              bssCOMMON    00000
__Hcinit                                  cinit        00047
__Hclrtext                                clrtext      00000
__Hcode                                   code         00000
__Hcommon                                 common       00000
__Hconfig                                 config       0800C
__HcstackBANK0                            cstackBANK0  00000
__HcstackBANK1                            cstackBANK1  00000
__HcstackCOMMON                           cstackCOMMON 00000
__Heeprom_data                            eeprom_data  00000
__Hend_init                               end_init     00027
__Hfunctab                                functab      00000
__Hheap                                   heap         00000
__Hinit                                   init         00025
__Hintentry                               intentry     00025
__Hmaintext                               maintext     00000
__HnvBANK1                                nvBANK1      00000
__Hpowerup                                powerup      00000
__Hram                                    ram          00000
__Hreset_vec                              reset_vec    00002
__Hsfr0                                   sfr0         00000
__Hsfr1                                   sfr1         00000
__Hsfr10                                  sfr10        00000
__Hsfr11                                  sfr11        00000
__Hsfr12                                  sfr12        00000
__Hsfr13                                  sfr13        00000
__Hsfr14                                  sfr14        00000
__Hsfr15                                  sfr15        00000
__Hsfr16                                  sfr16        00000
__Hsfr17                                  sfr17        00000
__Hsfr18                                  sfr18        00000
__Hsfr19                                  sfr19        00000
__Hsfr2                                   sfr2         00000
__Hsfr20                                  sfr20        00000
__Hsfr21                                  sfr21        00000
__Hsfr22                                  sfr22        00000
__Hsfr23                                  sfr23        00000
__Hsfr24                                  sfr24        00000
__Hsfr25                                  sfr25        00000
__Hsfr26                                  sfr26        00000
__Hsfr27                                  sfr27        00000
__Hsfr28                                  sfr28        00000
__Hsfr29                                  sfr29        00000
__Hsfr3                                   sfr3         00000
__Hsfr30                                  sfr30        00000
__Hsfr31                                  sfr31        00000
__Hsfr4                                   sfr4         00000
__Hsfr5                                   sfr5         00000
__Hsfr6                                   sfr6         00000
__Hsfr7                                   sfr7         00000
__Hsfr8                                   sfr8         00000
__Hsfr9                                   sfr9         00000
__Hsivt                                   sivt         00025
__Hspace_0                                (abs)        01000
__Hspace_1                                (abs)        001C1
__Hspace_2                                (abs)        00000
__Hspace_3                                (abs)        00000
__Hspace_4                                (abs)        10013
__Hstack                                  stack        00000
__Hstrings                                strings      00000
__Htext                                   text         00000
__L__absolute__                           __absolute__ 00000
__Labs1                                   abs1         00000
__Lbank0                                  bank0        00000
__Lbank1                                  bank1        00000
__Lbank10                                 bank10       00000
__Lbank11                                 bank11       00000
__Lbank12                                 bank12       00000
__Lbank13                                 bank13       00000
__Lbank14                                 bank14       00000
__Lbank15                                 bank15       00000
__Lbank16                                 bank16       00000
__Lbank17                                 bank17       00000
__Lbank18                                 bank18       00000
__Lbank19                                 bank19       00000
__Lbank2                                  bank2        00000
__Lbank20                                 bank20       00000
__Lbank21                                 bank21       00000
__Lbank22                                 bank22       00000
__Lbank23                                 bank23       00000
__Lbank24                                 bank24       00000
__Lbank25                                 bank25       00000
__Lbank26                                 bank26       00000
__Lbank27                                 bank27       00000
__Lbank28                                 bank28       00000
__Lbank29                                 bank29       00000
__Lbank3                                  bank3        00000
__Lbank30                                 bank30       00000
__Lbank31                                 bank31       00000
__Lbank4                                  bank4        00000
__Lbank5                                  bank5        00000
__Lbank6                                  bank6        00000
__Lbank7                                  bank7        00000
__Lbank8                                  bank8        00000
__Lbank9                                  bank9        00000
__Lbigram                                 bigram       00000
__LbssBANK0                               bssBANK0     00000
__LbssBANK1                               bssBANK1     00000
__LbssBANK2                               bssBANK2     00000
__LbssBANK3                               bssBANK3     00000
__LbssCOMMON                              bssCOMMON    00000
__Lcinit                                  cinit        00027
__Lclrtext                                clrtext      00000
__Lcode                                   code         00000
__Lcommon                                 common       00000
__Lconfig                                 config       00000
__LcstackBANK0                            cstackBANK0  00000
__LcstackBANK1                            cstackBANK1  00000
__LcstackCOMMON                           cstackCOMMON 00000
__Leeprom_data                            eeprom_data  00000
__Lend_init                               end_init     00025
__Lfunctab                                functab      00000
__Lheap                                   heap         00000
__Linit                                   init         00025
__Lintentry                               intentry     00004
__Lmaintext                               maintext     00000
__LnvBANK1                                nvBANK1      00000
__Lpowerup                                powerup      00000
__Lram                                    ram          00000
__Lreset_vec                              reset_vec    00000
__Lsfr0                                   sfr0         00000
__Lsfr1                                   sfr1         00000
__Lsfr10                                  sfr10        00000
__Lsfr11                                  sfr11        00000
__Lsfr12                                  sfr12        00000
__Lsfr13                                  sfr13        00000
__Lsfr14                                  sfr14        00000
__Lsfr15                                  sfr15        00000
__Lsfr16                                  sfr16        00000
__Lsfr17                                  sfr17        00000
__Lsfr18                                  sfr18        00000
__Lsfr19                                  sfr19        00000
__Lsfr2                                   sfr2         00000
__Lsfr20                                  sfr20        00000
__Lsfr21                                  sfr21        00000
__Lsfr22                                  sfr22        00000
__Lsfr23                                  sfr23        00000
__Lsfr24                                  sfr24        00000
__Lsfr25                                  sfr25        00000
__Lsfr26                                  sfr26        00000
__Lsfr27                                  sfr27        00000
__Lsfr28                                  sfr28        00000
__Lsfr29                                  sfr29        00000
__Lsfr3                                   sfr3         00000
__Lsfr30                                  sfr30        00000
__Lsfr31                                  sfr31        00000
__Lsfr4                                   sfr4         00000
__Lsfr5                                   sfr5         00000
__Lsfr6                                   sfr6         00000
__Lsfr7                                   sfr7         00000
__Lsfr8                                   sfr8         00000
__Lsfr9                                   sfr9         00000
__Lsivt                                   sivt         00025
__Lspace_0                                (abs)        00000
__Lspace_1                                (abs)        00000
__Lspace_2                                (abs)        00000
__Lspace_3                                (abs)        00000
__Lspace_4                                (abs)        00000
__Lstack                                  stack        00000
__Lstrings                                strings      00000
__Ltext                                   text         00000
__S0                                      (abs)        01000
__S1                                      (abs)        001C1
__S3                                      (abs)        00000
___heap_hi                                (abs)        00000
___heap_lo                                (abs)        00000
___int_sp                                 stack        00000
___int_stack_hi                           stack        00000
___int_stack_lo                           stack        00000
___latbits                                (abs)        00003
___lldiv                                  text13       0056B
___lldiv@counter                          cstackBANK0  00030
___lldiv@dividend                         cstackBANK0  00028
___lldiv@divisor                          cstackBANK0  00024
___lldiv@quotient                         cstackBANK0  0002C
___lmul                                   text12       00639
___lmul@multiplicand                      cstackCOMMON 00075
___lmul@multiplier                        cstackCOMMON 00071
___lmul@product                           cstackBANK0  00020
___sp                                     stack        00000
___stack_hi                               stack        00000
___stack_lo                               stack        00000
___stackhi                                (abs)        00000
___stacklo                                (abs)        00000
__end_of_CLC1_Initialize                  text30       007AE
__end_of_CLC2_Initialize                  text29       0079A
__end_of_CLC3_Initialize                  text28       00786
__end_of_INTERRUPT_InterruptManager       intentry     00025
__end_of_OSCILLATOR_Initialize            text27       00FDD
__end_of_PIN_MANAGER_IOC                  text35       00FB1
__end_of_PIN_MANAGER_Initialize           text26       00601
__end_of_PMD_Initialize                   text25       00FCC
__end_of_SPI1_DefaultExchangeHandler      text33       00004
__end_of_SPI1_ISR                         text32       00800
__end_of_SPI1_Initialize                  text23       007D3
__end_of_SPI1_setExchangeHandler          text24       00FBE
__end_of_SYSTEM_Initialize                text19       00715
__end_of_TMR1_Initialize                  text22       00772
__end_of_TMR1_ReadTimer                   text18       0072F
__end_of_TMR1_StartSinglePulseAcquisition text17       00FB4
__end_of_TMR1_WriteTimer                  text16       007E4
__end_of_TMR2_Initialize                  text21       01000
__end_of_TMR4_Initialize                  text20       007F4
__end_of___lldiv                          text13       005C4
__end_of___lmul                           text12       0066F
__end_of__initialization                  cinit        00043
__end_of_find_scalers_time                text10       0023B
__end_of_labs                             text11       0075D
__end_of_main                             maintext     004D3
__end_of_memcpy                           text6        006F6
__end_of_set_strobe_enable                text15       00FE6
__end_of_set_strobe_hold                  text14       00FF1
__end_of_set_strobe_timing                text9        0056B
__end_of_spi_handler                      text34       006A4
__end_of_spi_init                         text8        007C1
__end_of_spi_packet_clear                 text7        00FD4
__end_of_spi_packet_read                  text3        003CF
__end_of_spi_packet_write                 text1        00639
__end_of_spi_read_byte                    text5        00748
__end_of_spi_read_bytes_available         text4        00FB8
__end_of_spi_write_byte                   text2        006D4
__initialization                          cinit        00027
__pbssBANK0                               bssBANK0     0006E
__pbssBANK1                               bssBANK1     000A0
__pbssBANK2                               bssBANK2     00120
__pbssBANK3                               bssBANK3     001A0
__pbssCOMMON                              bssCOMMON    0007C
__pcstackBANK0                            cstackBANK0  00020
__pcstackBANK1                            cstackBANK1  000D2
__pcstackCOMMON                           cstackCOMMON 00070
__pintentry                               intentry     00004
__pmaintext                               maintext     003CF
__pnvBANK1                                nvBANK1      000DD
__ptext1                                  text1        00601
__ptext10                                 text10       00047
__ptext11                                 text11       00748
__ptext12                                 text12       00639
__ptext13                                 text13       0056B
__ptext14                                 text14       00FE6
__ptext15                                 text15       00FDD
__ptext16                                 text16       007D3
__ptext17                                 text17       00FB1
__ptext18                                 text18       00715
__ptext19                                 text19       006F6
__ptext2                                  text2        006A4
__ptext20                                 text20       007E4
__ptext21                                 text21       00FF1
__ptext22                                 text22       0075D
__ptext23                                 text23       007C1
__ptext24                                 text24       00FB8
__ptext25                                 text25       00FC4
__ptext26                                 text26       005C4
__ptext27                                 text27       00FD4
__ptext28                                 text28       00772
__ptext29                                 text29       00786
__ptext3                                  text3        0023B
__ptext30                                 text30       0079A
__ptext32                                 text32       007F4
__ptext33                                 text33       00002
__ptext34                                 text34       0066F
__ptext35                                 text35       00FB0
__ptext4                                  text4        00FB4
__ptext5                                  text5        0072F
__ptext6                                  text6        006D4
__ptext7                                  text7        00FCC
__ptext8                                  text8        007AE
__ptext9                                  text9        004D3
_cam_read_time_us                         bssBANK1     000A0
_find_scalers_time                        text10       00047
_find_scalers_time$2167                   cstackBANK0  00049
_labs                                     text11       00748
_main                                     maintext     003CF
_memcpy                                   text6        006D4
_packet_data                              bssBANK1     000A8
_packet_data_size                         bssBANK1     000D1
_packet_type                              bssBANK0     0006F
_read_buf                                 bssBANK2     00140
_read_buf_head                            bssBANK1     000A7
_read_buf_remaining                       bssBANK0     0006E
_read_buf_tail                            bssBANK1     000A6
_return_buf                               bssBANK1     000C8
_set_strobe_enable                        text15       00FDD
_set_strobe_hold                          text14       00FE6
_set_strobe_timing                        text9        004D3
_spi_handler                              text34       0066F
_spi_init                                 text8        007AE
_spi_packet                               bssBANK3     001A0
_spi_packet_clear                         text7        00FCC
_spi_packet_read                          text3        0023B
_spi_packet_write                         text1        00601
_spi_read_byte                            text5        0072F
_spi_read_bytes_available                 text4        00FB4
_spi_write_byte                           text2        006A4
_timer1ReloadVal                          bssBANK1     000A2
_write_buf                                bssBANK2     00120
_write_buf_head                           bssBANK1     000A5
_write_buf_remaining                      bssCOMMON    0007C
_write_buf_tail                           bssBANK1     000A4
btemp                                     (abs)        0007E
clear_ram0                                clrtext      00FBE
end_of_initialization                     cinit        00043
find_scalers_time@period                  cstackBANK0  00037
find_scalers_time@period_best             cstackBANK0  0004D
find_scalers_time@period_loop             cstackBANK0  0005F
find_scalers_time@postscale               cstackBANK0  00036
find_scalers_time@postscale_best          cstackBANK0  00051
find_scalers_time@postscale_loop          cstackBANK0  00063
find_scalers_time@prescale                cstackBANK0  00035
find_scalers_time@prescale_best           cstackBANK0  00052
find_scalers_time@prescale_loop           cstackBANK0  00064
find_scalers_time@rem                     cstackBANK0  00053
find_scalers_time@target_time_ns          cstackBANK0  00031
find_scalers_time@ticks                   cstackBANK0  00045
find_scalers_time@time_ns_best            cstackBANK0  00057
find_scalers_time@time_ns_loop            cstackBANK0  0005B
int$flags                                 (abs)        0007E
intlevel0                                 functab      00000
intlevel1                                 functab      00000
intlevel2                                 functab      00000
intlevel3                                 functab      00000
intlevel4                                 functab      00000
intlevel5                                 functab      00000
labs@a                                    cstackCOMMON 00071
main@rc                                   cstackBANK0  0006D
main@strobe_period_ns                     cstackBANK0  0006C
main@strobe_wait_ns                       cstackBANK0  0006B
memcpy@d                                  cstackCOMMON 00078
memcpy@d1                                 cstackCOMMON 00071
memcpy@n                                  cstackCOMMON 00075
memcpy@s                                  cstackCOMMON 00079
memcpy@s1                                 cstackCOMMON 00073
memcpy@tmp                                cstackCOMMON 00077
reset_vec                                 reset_vec    00000
set_strobe_enable@enable                  cstackCOMMON 00071
set_strobe_hold@hold                      cstackCOMMON 00071
set_strobe_timing@duration_period         cstackBANK1  000D8
set_strobe_timing@duration_postscale      cstackBANK1  000D7
set_strobe_timing@duration_prescale       cstackBANK1  000D6
set_strobe_timing@duration_target_ns      cstackBANK0  00066
set_strobe_timing@t4con_copy              cstackBANK1  000D2
set_strobe_timing@wait_period             cstackBANK1  000D5
set_strobe_timing@wait_postscale          cstackBANK1  000D4
set_strobe_timing@wait_prescale           cstackBANK1  000D3
set_strobe_timing@wait_target_ns          cstackBANK0  00065
spi_handler@byte                          cstackCOMMON 00070
spi_packet_clear@packet                   cstackCOMMON 00071
spi_packet_read@buf_bytes                 cstackBANK0  0002A
spi_packet_read@buf_ptr                   cstackBANK0  0002F
spi_packet_read@checksum                  cstackBANK0  0002B
spi_packet_read@data                      cstackBANK0  00023
spi_packet_read@data_buf_size             cstackBANK0  00025
spi_packet_read@data_ptr                  cstackBANK0  0002C
spi_packet_read@data_size                 cstackBANK0  00024
spi_packet_read@i                         cstackBANK0  00031
spi_packet_read@invalidate                cstackBANK0  0002D
spi_packet_read@packet                    cstackBANK0  00020
spi_packet_read@packet_size               cstackBANK0  00032
spi_packet_read@packet_type               cstackBANK0  00022
spi_packet_read@rc                        cstackBANK0  0002E
spi_packet_read@type                      cstackBANK0  00030
spi_packet_write@byte                     cstackCOMMON 00077
spi_packet_write@checksum                 cstackCOMMON 00076
spi_packet_write@data                     cstackCOMMON 00073
spi_packet_write@data_size                cstackCOMMON 00074
spi_packet_write@packet_size              cstackCOMMON 00078
spi_packet_write@packet_type              cstackCOMMON 00075
spi_read_byte@byte                        cstackCOMMON 00071
spi_write_byte@add_to_buf                 cstackCOMMON 00071
spi_write_byte@byte                       cstackCOMMON 00072
start                                     init         00025
start_initialization                      cinit        00027
wtemp0                                    (abs)        0007E


MODULE INFORMATION

Module		Function		Class		Link	Load	Size
mcc_generated_files/tmr4.c
		_TMR4_Initialize		CODE           	07E4	0000	16

mcc_generated_files/tmr4.c estimated size: 16

C:\Program Files\Microchip\xc8\v3.00\pic\sources\c99\common\memcpy.c
		_memcpy        		CODE           	06D4	0000	34

C:\Program Files\Microchip\xc8\v3.00\pic\sources\c99\common\memcpy.c estimated size: 34

mcc_generated_files/tmr2.c
		_TMR2_Initialize		CODE           	0FF1	0000	15

mcc_generated_files/tmr2.c estimated size: 15

mcc_generated_files/interrupt_manager.c
		_INTERRUPT_InterruptManager		CODE           	0004	0000	33

mcc_generated_files/interrupt_manager.c estimated size: 33

mcc_generated_files/pin_manager.c
		_PIN_MANAGER_Initialize		CODE           	05C4	0000	61
		_PIN_MANAGER_IOC		CODE           	0FB0	0000	1

mcc_generated_files/pin_manager.c estimated size: 62

mcc_generated_files/spi1.c
		_SPI1_DefaultExchangeHandler		CODE           	0002	0000	2
		_SPI1_setExchangeHandler		CODE           	0FB8	0000	6
		_SPI1_ISR      		CODE           	07F4	0000	12
		_SPI1_Initialize		CODE           	07C1	0000	18

mcc_generated_files/spi1.c estimated size: 38

mcc_generated_files/clc2.c
		_CLC2_Initialize		CODE           	0786	0000	20

mcc_generated_files/clc2.c estimated size: 20

C:\Program Files\Microchip\xc8\v3.00\pic\sources\c99\common\Umul32.c
		___lmul        		CODE           	0639	0000	54

C:\Program Files\Microchip\xc8\v3.00\pic\sources\c99\common\Umul32.c estimated size: 54

C:\Program Files\Microchip\xc8\v3.00\pic\sources\c99\common\__lldiv.c
		___lldiv       		CODE           	056B	0000	89

C:\Program Files\Microchip\xc8\v3.00\pic\sources\c99\common\__lldiv.c estimated size: 89

spi.c
		_spi_packet_write		CODE           	0601	0000	56
		_spi_packet_clear		CODE           	0FCC	0000	8
		_spi_handler   		CODE           	066F	0000	53
		_spi_read_bytes_available		CODE           	0FB4	0000	4
		_spi_init      		CODE           	07AE	0000	19
		_spi_write_byte		CODE           	06A4	0000	48
		_spi_read_byte 		CODE           	072F	0000	25
		_spi_packet_read		CODE           	023B	0000	404

spi.c estimated size: 617

shared
		__initialization		CODE           	0027	0000	28

shared estimated size: 28

mcc_generated_files/mcc.c
		_PMD_Initialize		CODE           	0FC4	0000	8
		_OSCILLATOR_Initialize		CODE           	0FD4	0000	9
		_SYSTEM_Initialize		CODE           	06F6	0000	31

mcc_generated_files/mcc.c estimated size: 48

mcc_generated_files/tmr1.c
		_TMR1_Initialize		CODE           	075D	0000	21
		_TMR1_StartSinglePulseAcquisition		CODE           	0FB1	0000	3
		_TMR1_WriteTimer		CODE           	07D3	0000	17
		_TMR1_ReadTimer		CODE           	0715	0000	26

mcc_generated_files/tmr1.c estimated size: 67

C:\Program Files\Microchip\xc8\v3.00\pic\sources\c99\common\labs.c
		_labs          		CODE           	0748	0000	21

C:\Program Files\Microchip\xc8\v3.00\pic\sources\c99\common\labs.c estimated size: 21

main.c
		_find_scalers_time		CODE           	0047	0000	500
		_set_strobe_timing		CODE           	04D3	0000	152
		_main          		CODE           	03CF	0000	260
		_set_strobe_hold		CODE           	0FE6	0000	11
		_set_strobe_enable		CODE           	0FDD	0000	9

main.c estimated size: 932

mcc_generated_files/clc3.c
		_CLC3_Initialize		CODE           	0772	0000	20

mcc_generated_files/clc3.c estimated size: 20

mcc_generated_files/clc1.c
		_CLC1_Initialize		CODE           	079A	0000	20

mcc_generated_files/clc1.c estimated size: 20

